Aug 17 23:13:15 hazemzz-Lenovo-Z51-70 rsyslogd: [origin software="rsyslogd" swVersion="8.16.0" x-pid="2750" x-info="http://www.rsyslog.com"] start
Aug 17 23:13:14 hazemzz-Lenovo-Z51-70 rsyslogd-2222: command 'KLogPermitNonKernelFacility' is currently not permitted - did you already set it via a RainerScript command (v6+ config)? [v8.16.0 try http://www.rsyslog.com/e/2222 ]
Aug 17 23:13:15 hazemzz-Lenovo-Z51-70 rsyslogd: rsyslogd's groupid changed to 108
Aug 17 23:13:15 hazemzz-Lenovo-Z51-70 rsyslogd: rsyslogd's userid changed to 104
Aug 17 23:13:15 hazemzz-Lenovo-Z51-70 systemd[1]: Started Uncomplicated firewall.
Aug 17 23:13:15 hazemzz-Lenovo-Z51-70 systemd[1]: Started Create list of required static device nodes for the current kernel.
Aug 17 23:13:15 hazemzz-Lenovo-Z51-70 systemd[1]: Starting Create Static Device Nodes in /dev...
Aug 17 23:13:15 hazemzz-Lenovo-Z51-70 systemd[1]: Mounted POSIX Message Queue File System.
Aug 17 23:13:15 hazemzz-Lenovo-Z51-70 systemd[1]: Mounted Huge Pages File System.
Aug 17 23:13:15 hazemzz-Lenovo-Z51-70 systemd[1]: Mounted Debug File System.
Aug 17 23:13:15 hazemzz-Lenovo-Z51-70 systemd-modules-load[980]: Inserted module 'lp'
Aug 17 23:13:15 hazemzz-Lenovo-Z51-70 systemd-modules-load[980]: Inserted module 'ppdev'
Aug 17 23:13:15 hazemzz-Lenovo-Z51-70 systemd-modules-load[980]: Inserted module 'parport_pc'
Aug 17 23:13:15 hazemzz-Lenovo-Z51-70 systemd[1]: Started Load Kernel Modules.
Aug 17 23:13:15 hazemzz-Lenovo-Z51-70 systemd[1]: Mounting FUSE Control File System...
Aug 17 23:13:15 hazemzz-Lenovo-Z51-70 systemd[1]: Starting Apply Kernel Variables...
Aug 17 23:13:15 hazemzz-Lenovo-Z51-70 systemd[1]: Mounted FUSE Control File System.
Aug 17 23:13:15 hazemzz-Lenovo-Z51-70 systemd[1]: Started Nameserver information manager.
Aug 17 23:13:15 hazemzz-Lenovo-Z51-70 systemd[1]: Started Create Static Device Nodes in /dev.
Aug 17 23:13:15 hazemzz-Lenovo-Z51-70 systemd[1]: Starting udev Kernel Device Manager...
Aug 17 23:13:15 hazemzz-Lenovo-Z51-70 loadkeys[974]: Loading /etc/console-setup/cached.kmap.gz
Aug 17 23:13:15 hazemzz-Lenovo-Z51-70 systemd[1]: Started Set console keymap.
Aug 17 23:13:15 hazemzz-Lenovo-Z51-70 systemd[1]: Started Apply Kernel Variables.
Aug 17 23:13:15 hazemzz-Lenovo-Z51-70 systemd[1]: Started udev Kernel Device Manager.
Aug 17 23:13:15 hazemzz-Lenovo-Z51-70 systemd[1]: Starting Remount Root and Kernel File Systems...
Aug 17 23:13:15 hazemzz-Lenovo-Z51-70 systemd[1]: Started Remount Root and Kernel File Systems.
Aug 17 23:13:15 hazemzz-Lenovo-Z51-70 systemd[1]: Starting udev Coldplug all Devices...
Aug 17 23:13:15 hazemzz-Lenovo-Z51-70 kernel: [    0.000000] Initializing cgroup subsys cpuset
Aug 17 23:13:15 hazemzz-Lenovo-Z51-70 kernel: [    0.000000] Initializing cgroup subsys cpu
Aug 17 23:13:15 hazemzz-Lenovo-Z51-70 systemd[1]: Starting Load/Save Random Seed...
Aug 17 23:13:15 hazemzz-Lenovo-Z51-70 kernel: [    0.000000] Initializing cgroup subsys cpuacct
Aug 17 23:13:15 hazemzz-Lenovo-Z51-70 kernel: [    0.000000] Linux version 4.4.0-31-generic (buildd@lgw01-16) (gcc version 5.3.1 20160413 (Ubuntu 5.3.1-14ubuntu2.1) ) #50-Ubuntu SMP Wed Jul 13 00:07:12 UTC 2016 (Ubuntu 4.4.0-31.50-generic 4.4.13)
Aug 17 23:13:15 hazemzz-Lenovo-Z51-70 kernel: [    0.000000] Command line: BOOT_IMAGE=/boot/vmlinuz-4.4.0-31-generic root=UUID=19f2af20-8d22-48dc-baba-34f72686245d ro quiet splash vt.handoff=7
Aug 17 23:13:15 hazemzz-Lenovo-Z51-70 systemd[1]: Starting Flush Journal to Persistent Storage...
Aug 17 23:13:15 hazemzz-Lenovo-Z51-70 kernel: [    0.000000] KERNEL supported cpus:
Aug 17 23:13:15 hazemzz-Lenovo-Z51-70 kernel: [    0.000000]   Intel GenuineIntel
Aug 17 23:13:15 hazemzz-Lenovo-Z51-70 systemd[1]: Reached target Local File Systems (Pre).
Aug 17 23:13:15 hazemzz-Lenovo-Z51-70 kernel: [    0.000000]   AMD AuthenticAMD
Aug 17 23:13:15 hazemzz-Lenovo-Z51-70 kernel: [    0.000000]   Centaur CentaurHauls
Aug 17 23:13:15 hazemzz-Lenovo-Z51-70 kernel: [    0.000000] x86/fpu: xstate_offset[2]:  576, xstate_sizes[2]:  256
Aug 17 23:13:15 hazemzz-Lenovo-Z51-70 systemd[1]: Reached target Local File Systems.
Aug 17 23:13:15 hazemzz-Lenovo-Z51-70 kernel: [    0.000000] x86/fpu: Supporting XSAVE feature 0x01: 'x87 floating point registers'
Aug 17 23:13:15 hazemzz-Lenovo-Z51-70 kernel: [    0.000000] x86/fpu: Supporting XSAVE feature 0x02: 'SSE registers'
Aug 17 23:13:15 hazemzz-Lenovo-Z51-70 systemd[1]: Starting Set console font and keymap...
Aug 17 23:13:15 hazemzz-Lenovo-Z51-70 kernel: [    0.000000] x86/fpu: Supporting XSAVE feature 0x04: 'AVX registers'
Aug 17 23:13:15 hazemzz-Lenovo-Z51-70 kernel: [    0.000000] x86/fpu: Enabled xstate features 0x7, context size is 832 bytes, using 'standard' format.
Aug 17 23:13:15 hazemzz-Lenovo-Z51-70 kernel: [    0.000000] x86/fpu: Using 'eager' FPU context switches.
Aug 17 23:13:15 hazemzz-Lenovo-Z51-70 kernel: [    0.000000] e820: BIOS-provided physical RAM map:
Aug 17 23:13:15 hazemzz-Lenovo-Z51-70 kernel: [    0.000000] BIOS-e820: [mem 0x0000000000000000-0x000000000009e7ff] usable
Aug 17 23:13:15 hazemzz-Lenovo-Z51-70 kernel: [    0.000000] BIOS-e820: [mem 0x000000000009e800-0x000000000009ffff] reserved
Aug 17 23:13:15 hazemzz-Lenovo-Z51-70 kernel: [    0.000000] BIOS-e820: [mem 0x00000000000e0000-0x00000000000fffff] reserved
Aug 17 23:13:15 hazemzz-Lenovo-Z51-70 systemd[1]: Starting Tell Plymouth To Write Out Runtime Data...
Aug 17 23:13:15 hazemzz-Lenovo-Z51-70 kernel: [    0.000000] BIOS-e820: [mem 0x0000000000100000-0x000000008683dfff] usable
Aug 17 23:13:15 hazemzz-Lenovo-Z51-70 kernel: [    0.000000] BIOS-e820: [mem 0x000000008683e000-0x000000008713dfff] reserved
Aug 17 23:13:15 hazemzz-Lenovo-Z51-70 kernel: [    0.000000] BIOS-e820: [mem 0x000000008713e000-0x000000009c852fff] usable
Aug 17 23:13:15 hazemzz-Lenovo-Z51-70 systemd[1]: Starting LSB: AppArmor initialization...
Aug 17 23:13:15 hazemzz-Lenovo-Z51-70 kernel: [    0.000000] BIOS-e820: [mem 0x000000009c853000-0x000000009cd42fff] reserved
Aug 17 23:13:15 hazemzz-Lenovo-Z51-70 kernel: [    0.000000] BIOS-e820: [mem 0x000000009cd43000-0x000000009cf58fff] ACPI NVS
Aug 17 23:13:15 hazemzz-Lenovo-Z51-70 kernel: [    0.000000] BIOS-e820: [mem 0x000000009cf59000-0x000000009cffefff] ACPI data
Aug 17 23:13:15 hazemzz-Lenovo-Z51-70 systemd[1]: Starting Commit a transient machine-id on disk...
Aug 17 23:13:15 hazemzz-Lenovo-Z51-70 kernel: [    0.000000] BIOS-e820: [mem 0x000000009cfff000-0x000000009cffffff] usable
Aug 17 23:13:15 hazemzz-Lenovo-Z51-70 kernel: [    0.000000] BIOS-e820: [mem 0x000000009d000000-0x000000009fffffff] reserved
Aug 17 23:13:15 hazemzz-Lenovo-Z51-70 kernel: [    0.000000] BIOS-e820: [mem 0x00000000e0000000-0x00000000efffffff] reserved
Aug 17 23:13:15 hazemzz-Lenovo-Z51-70 systemd[1]: Started Load/Save Random Seed.
Aug 17 23:13:15 hazemzz-Lenovo-Z51-70 kernel: [    0.000000] BIOS-e820: [mem 0x00000000feb00000-0x00000000feb03fff] reserved
Aug 17 23:13:15 hazemzz-Lenovo-Z51-70 kernel: [    0.000000] BIOS-e820: [mem 0x00000000fec00000-0x00000000fec00fff] reserved
Aug 17 23:13:15 hazemzz-Lenovo-Z51-70 systemd[1]: Started Tell Plymouth To Write Out Runtime Data.
Aug 17 23:13:15 hazemzz-Lenovo-Z51-70 kernel: [    0.000000] BIOS-e820: [mem 0x00000000fed10000-0x00000000fed19fff] reserved
Aug 17 23:13:15 hazemzz-Lenovo-Z51-70 kernel: [    0.000000] BIOS-e820: [mem 0x00000000fed1c000-0x00000000fed1ffff] reserved
Aug 17 23:13:15 hazemzz-Lenovo-Z51-70 kernel: [    0.000000] BIOS-e820: [mem 0x00000000fee00000-0x00000000fee00fff] reserved
Aug 17 23:13:15 hazemzz-Lenovo-Z51-70 systemd[1]: Started Commit a transient machine-id on disk.
Aug 17 23:13:15 hazemzz-Lenovo-Z51-70 kernel: [    0.000000] BIOS-e820: [mem 0x00000000ffa00000-0x00000000ffffffff] reserved
Aug 17 23:13:15 hazemzz-Lenovo-Z51-70 systemd[1]: Started Flush Journal to Persistent Storage.
Aug 17 23:13:15 hazemzz-Lenovo-Z51-70 kernel: [    0.000000] BIOS-e820: [mem 0x0000000100000000-0x000000025effffff] usable
Aug 17 23:13:15 hazemzz-Lenovo-Z51-70 kernel: [    0.000000] NX (Execute Disable) protection: active
Aug 17 23:13:15 hazemzz-Lenovo-Z51-70 kernel: [    0.000000] SMBIOS 2.7 present.
Aug 17 23:13:15 hazemzz-Lenovo-Z51-70 systemd[1]: Starting Create Volatile Files and Directories...
Aug 17 23:13:15 hazemzz-Lenovo-Z51-70 kernel: [    0.000000] DMI: LENOVO 80K6/Lenovo Z51-70, BIOS C2CN17WW(V1.03) 03/19/2015
Aug 17 23:13:15 hazemzz-Lenovo-Z51-70 kernel: [    0.000000] e820: update [mem 0x00000000-0x00000fff] usable ==> reserved
Aug 17 23:13:15 hazemzz-Lenovo-Z51-70 systemd-tmpfiles[1226]: [/usr/lib/tmpfiles.d/var.conf:14] Duplicate line for path "/var/log", ignoring.
Aug 17 23:13:15 hazemzz-Lenovo-Z51-70 kernel: [    0.000000] e820: remove [mem 0x000a0000-0x000fffff] usable
Aug 17 23:13:15 hazemzz-Lenovo-Z51-70 kernel: [    0.000000] e820: last_pfn = 0x25f000 max_arch_pfn = 0x400000000
Aug 17 23:13:15 hazemzz-Lenovo-Z51-70 kernel: [    0.000000] MTRR default type: uncachable
Aug 17 23:13:15 hazemzz-Lenovo-Z51-70 systemd[1]: Started Create Volatile Files and Directories.
Aug 17 23:13:15 hazemzz-Lenovo-Z51-70 kernel: [    0.000000] MTRR fixed ranges enabled:
Aug 17 23:13:15 hazemzz-Lenovo-Z51-70 kernel: [    0.000000]   00000-9FFFF write-back
Aug 17 23:13:15 hazemzz-Lenovo-Z51-70 kernel: [    0.000000]   A0000-BFFFF uncachable
Aug 17 23:13:15 hazemzz-Lenovo-Z51-70 systemd[1]: Starting Update UTMP about System Boot/Shutdown...
Aug 17 23:13:15 hazemzz-Lenovo-Z51-70 systemd[1]: Starting Network Time Synchronization...
Aug 17 23:13:15 hazemzz-Lenovo-Z51-70 kernel: [    0.000000]   C0000-E7FFF write-protect
Aug 17 23:13:15 hazemzz-Lenovo-Z51-70 kernel: [    0.000000]   E8000-EFFFF write-combining
Aug 17 23:13:15 hazemzz-Lenovo-Z51-70 kernel: [    0.000000]   F0000-FFFFF write-protect
Aug 17 23:13:15 hazemzz-Lenovo-Z51-70 systemd[1]: Started Update UTMP about System Boot/Shutdown.
Aug 17 23:13:15 hazemzz-Lenovo-Z51-70 kernel: [    0.000000] MTRR variable ranges enabled:
Aug 17 23:13:15 hazemzz-Lenovo-Z51-70 kernel: [    0.000000]   0 base 0000000000 mask 7C00000000 write-back
Aug 17 23:13:15 hazemzz-Lenovo-Z51-70 kernel: [    0.000000]   1 base 009D000000 mask 7FFF000000 uncachable
Aug 17 23:13:15 hazemzz-Lenovo-Z51-70 systemd[1]: Started udev Coldplug all Devices.
Aug 17 23:13:15 hazemzz-Lenovo-Z51-70 kernel: [    0.000000]   2 base 009E000000 mask 7FFE000000 uncachable
Aug 17 23:13:15 hazemzz-Lenovo-Z51-70 kernel: [    0.000000]   3 base 00A0000000 mask 7FE0000000 uncachable
Aug 17 23:13:15 hazemzz-Lenovo-Z51-70 systemd[1]: Starting Show Plymouth Boot Screen...
Aug 17 23:13:15 hazemzz-Lenovo-Z51-70 kernel: [    0.000000]   4 base 00C0000000 mask 7FC0000000 uncachable
Aug 17 23:13:15 hazemzz-Lenovo-Z51-70 kernel: [    0.000000]   5 disabled
Aug 17 23:13:15 hazemzz-Lenovo-Z51-70 kernel: [    0.000000]   6 disabled
Aug 17 23:13:15 hazemzz-Lenovo-Z51-70 systemd[1]: Started Show Plymouth Boot Screen.
Aug 17 23:13:15 hazemzz-Lenovo-Z51-70 kernel: [    0.000000]   7 disabled
Aug 17 23:13:15 hazemzz-Lenovo-Z51-70 kernel: [    0.000000]   8 disabled
Aug 17 23:13:15 hazemzz-Lenovo-Z51-70 systemd[1]: Started Forward Password Requests to Plymouth Directory Watch.
Aug 17 23:13:15 hazemzz-Lenovo-Z51-70 kernel: [    0.000000]   9 disabled
Aug 17 23:13:15 hazemzz-Lenovo-Z51-70 kernel: [    0.000000] x86/PAT: Configuration [0-7]: WB  WC  UC- UC  WB  WC  UC- WT  
Aug 17 23:13:15 hazemzz-Lenovo-Z51-70 kernel: [    0.000000] original variable MTRRs
Aug 17 23:13:15 hazemzz-Lenovo-Z51-70 systemd[1]: Started Network Time Synchronization.
Aug 17 23:13:15 hazemzz-Lenovo-Z51-70 kernel: [    0.000000] reg 0, base: 0GB, range: 16GB, type WB
Aug 17 23:13:15 hazemzz-Lenovo-Z51-70 kernel: [    0.000000] reg 1, base: 2512MB, range: 16MB, type UC
Aug 17 23:13:15 hazemzz-Lenovo-Z51-70 kernel: [    0.000000] reg 2, base: 2528MB, range: 32MB, type UC
Aug 17 23:13:15 hazemzz-Lenovo-Z51-70 systemd[1]: Reached target System Time Synchronized.
Aug 17 23:13:15 hazemzz-Lenovo-Z51-70 kernel: [    0.000000] reg 3, base: 2560MB, range: 512MB, type UC
Aug 17 23:13:15 hazemzz-Lenovo-Z51-70 kernel: [    0.000000] reg 4, base: 3GB, range: 1GB, type UC
Aug 17 23:13:15 hazemzz-Lenovo-Z51-70 kernel: [    0.000000] total RAM covered: 14800M
Aug 17 23:13:15 hazemzz-Lenovo-Z51-70 systemd[1]: Created slice system-systemd\x2dbacklight.slice.
Aug 17 23:13:15 hazemzz-Lenovo-Z51-70 kernel: [    0.000000] Found optimal setting for mtrr clean up
Aug 17 23:13:15 hazemzz-Lenovo-Z51-70 kernel: [    0.000000]  gran_size: 64K 	chunk_size: 64M 	num_reg: 6  	lose cover RAM: 0G
Aug 17 23:13:15 hazemzz-Lenovo-Z51-70 kernel: [    0.000000] New variable MTRRs
Aug 17 23:13:15 hazemzz-Lenovo-Z51-70 systemd[1]: Starting Load/Save Screen Backlight Brightness of backlight:intel_backlight...
Aug 17 23:13:15 hazemzz-Lenovo-Z51-70 kernel: [    0.000000] reg 0, base: 0GB, range: 2GB, type WB
Aug 17 23:13:15 hazemzz-Lenovo-Z51-70 kernel: [    0.000000] reg 1, base: 2GB, range: 512MB, type WB
Aug 17 23:13:15 hazemzz-Lenovo-Z51-70 systemd[1]: Started Load/Save Screen Backlight Brightness of backlight:intel_backlight.
Aug 17 23:13:15 hazemzz-Lenovo-Z51-70 kernel: [    0.000000] reg 2, base: 2512MB, range: 16MB, type UC
Aug 17 23:13:15 hazemzz-Lenovo-Z51-70 kernel: [    0.000000] reg 3, base: 2528MB, range: 32MB, type UC
Aug 17 23:13:15 hazemzz-Lenovo-Z51-70 kernel: [    0.000000] reg 4, base: 4GB, range: 4GB, type WB
Aug 17 23:13:15 hazemzz-Lenovo-Z51-70 systemd[1]: dev-disk-by\x2dpartlabel-Basic\x5cx20data\x5cx20partition.device: Dev dev-disk-by\x2dpartlabel-Basic\x5cx20data\x5cx20partition.device appeared twice with different sysfs paths /sys/devices/pci0000:00/0000:00:1f.2/ata1/host0/target0:0:0/0:0:0:0/block/sda/sda5 and /sys/devices/pci0000:00/0000:00:1f.2/ata1/host0/target0:0:0/0:0:0:0/block/sda/sda6
Aug 17 23:13:15 hazemzz-Lenovo-Z51-70 kernel: [    0.000000] reg 5, base: 8GB, range: 8GB, type WB
Aug 17 23:13:15 hazemzz-Lenovo-Z51-70 kernel: [    0.000000] e820: update [mem 0x9d000000-0xffffffff] usable ==> reserved
Aug 17 23:13:15 hazemzz-Lenovo-Z51-70 kernel: [    0.000000] e820: last_pfn = 0x9d000 max_arch_pfn = 0x400000000
Aug 17 23:13:15 hazemzz-Lenovo-Z51-70 mtp-probe: checking bus 2, device 3: "/sys/devices/pci0000:00/0000:00:14.0/usb2/2-6"
Aug 17 23:13:15 hazemzz-Lenovo-Z51-70 kernel: [    0.000000] found SMP MP-table at [mem 0x000fe1b0-0x000fe1bf] mapped at [ffff8800000fe1b0]
Aug 17 23:13:15 hazemzz-Lenovo-Z51-70 kernel: [    0.000000] Scanning 1 areas for low memory corruption
Aug 17 23:13:15 hazemzz-Lenovo-Z51-70 mtp-probe: bus: 2, device: 3 was not an MTP device
Aug 17 23:13:15 hazemzz-Lenovo-Z51-70 kernel: [    0.000000] Base memory trampoline at [ffff880000098000] 98000 size 24576
Aug 17 23:13:15 hazemzz-Lenovo-Z51-70 kernel: [    0.000000] Using GB pages for direct mapping
Aug 17 23:13:15 hazemzz-Lenovo-Z51-70 mtp-probe: checking bus 2, device 2: "/sys/devices/pci0000:00/0000:00:14.0/usb2/2-4"
Aug 17 23:13:15 hazemzz-Lenovo-Z51-70 kernel: [    0.000000] BRK [0x02200000, 0x02200fff] PGTABLE
Aug 17 23:13:15 hazemzz-Lenovo-Z51-70 kernel: [    0.000000] BRK [0x02201000, 0x02201fff] PGTABLE
Aug 17 23:13:15 hazemzz-Lenovo-Z51-70 kernel: [    0.000000] BRK [0x02202000, 0x02202fff] PGTABLE
Aug 17 23:13:15 hazemzz-Lenovo-Z51-70 systemd[1]: Listening on Load/Save RF Kill Switch Status /dev/rfkill Watch.
Aug 17 23:13:15 hazemzz-Lenovo-Z51-70 kernel: [    0.000000] BRK [0x02203000, 0x02203fff] PGTABLE
Aug 17 23:13:15 hazemzz-Lenovo-Z51-70 kernel: [    0.000000] BRK [0x02204000, 0x02204fff] PGTABLE
Aug 17 23:13:15 hazemzz-Lenovo-Z51-70 systemd[1]: Starting Load/Save RF Kill Switch Status...
Aug 17 23:13:15 hazemzz-Lenovo-Z51-70 kernel: [    0.000000] BRK [0x02205000, 0x02205fff] PGTABLE
Aug 17 23:13:15 hazemzz-Lenovo-Z51-70 kernel: [    0.000000] RAMDISK: [mem 0x33af4000-0x35d71fff]
Aug 17 23:13:15 hazemzz-Lenovo-Z51-70 kernel: [    0.000000] ACPI: Early table checksum verification disabled
Aug 17 23:13:15 hazemzz-Lenovo-Z51-70 kernel: [    0.000000] ACPI: RSDP 0x00000000000FE020 000024 (v02 LENOVO)
Aug 17 23:13:15 hazemzz-Lenovo-Z51-70 systemd[1]: Started Set console font and keymap.
Aug 17 23:13:15 hazemzz-Lenovo-Z51-70 kernel: [    0.000000] ACPI: XSDT 0x000000009CFCA188 0000CC (v01 LENOVO CB-01    00000001      01000013)
Aug 17 23:13:15 hazemzz-Lenovo-Z51-70 kernel: [    0.000000] ACPI: FACP 0x000000009CFF6000 00010C (v05 LENOVO CB-01    00000001 ACPI 00040000)
Aug 17 23:13:15 hazemzz-Lenovo-Z51-70 systemd[1]: Created slice system-getty.slice.
Aug 17 23:13:15 hazemzz-Lenovo-Z51-70 kernel: [    0.000000] ACPI: DSDT 0x000000009CFDD000 01399A (v02 LENOVO CB-01    00000001 ACPI 00040000)
Aug 17 23:13:15 hazemzz-Lenovo-Z51-70 kernel: [    0.000000] ACPI: FACS 0x000000009CF53000 000040
Aug 17 23:13:15 hazemzz-Lenovo-Z51-70 kernel: [    0.000000] ACPI: UEFI 0x000000009CFFC000 000042 (v01 LENOVO CB-01    00000001 ACPI 00040000)
Aug 17 23:13:15 hazemzz-Lenovo-Z51-70 mtp-probe: bus: 2, device: 2 was not an MTP device
Aug 17 23:13:15 hazemzz-Lenovo-Z51-70 kernel: [    0.000000] ACPI: ASPT 0x000000009CFF9000 000034 (v07 LENOVO CB-01    00000001 ACPI 00040000)
Aug 17 23:13:15 hazemzz-Lenovo-Z51-70 kernel: [    0.000000] ACPI: DBGP 0x000000009CFF7000 000034 (v01 LENOVO CB-01    00000001 ACPI 00040000)
Aug 17 23:13:15 hazemzz-Lenovo-Z51-70 systemd[1]: Reached target Sound Card.
Aug 17 23:13:15 hazemzz-Lenovo-Z51-70 kernel: [    0.000000] ACPI: LPIT 0x000000009CFF4000 000094 (v01 LENOVO CB-01    00000001 ACPI 00040000)
Aug 17 23:13:15 hazemzz-Lenovo-Z51-70 kernel: [    0.000000] ACPI: MCFG 0x000000009CFF2000 00003C (v01 LENOVO CB-01    00000001 ACPI 00040000)
Aug 17 23:13:15 hazemzz-Lenovo-Z51-70 kernel: [    0.000000] ACPI: SSDT 0x000000009CFD8000 000756 (v02 LENOVO CB-01    00000001 ACPI 00040000)
Aug 17 23:13:15 hazemzz-Lenovo-Z51-70 systemd[1]: Started Load/Save RF Kill Switch Status.
Aug 17 23:13:15 hazemzz-Lenovo-Z51-70 kernel: [    0.000000] ACPI: SSDT 0x000000009CFD7000 000539 (v02 LENOVO CB-01    00000001 ACPI 00040000)
Aug 17 23:13:15 hazemzz-Lenovo-Z51-70 kernel: [    0.000000] ACPI: SSDT 0x000000009CFD0000 005BF5 (v02 LENOVO CB-01    00000001 ACPI 00040000)
Aug 17 23:13:15 hazemzz-Lenovo-Z51-70 systemd-udevd[1435]: Process '/usr/sbin/alsactl -E HOME=/run/alsa restore 1' failed with exit code 99.
Aug 17 23:13:15 hazemzz-Lenovo-Z51-70 kernel: [    0.000000] ACPI: ASF! 0x000000009CFFA000 0000A5 (v32 LENOVO CB-01    00000001 ACPI 00040000)
Aug 17 23:13:15 hazemzz-Lenovo-Z51-70 kernel: [    0.000000] ACPI: HPET 0x000000009CFF5000 000038 (v01 LENOVO CB-01    00000001 ACPI 00040000)
Aug 17 23:13:15 hazemzz-Lenovo-Z51-70 kernel: [    0.000000] ACPI: WDAT 0x000000009CFF1000 000224 (v01 LENOVO CB-01    00000001 ACPI 00040000)
Aug 17 23:13:15 hazemzz-Lenovo-Z51-70 systemd-udevd[1437]: Process '/usr/sbin/alsactl -E HOME=/run/alsa restore 0' failed with exit code 99.
Aug 17 23:13:15 hazemzz-Lenovo-Z51-70 kernel: [    0.000000] ACPI: UEFI 0x000000009CFFD000 000236 (v01 LENOVO CB-01    00000001 ACPI 00040000)
Aug 17 23:13:15 hazemzz-Lenovo-Z51-70 kernel: [    0.000000] ACPI: APIC 0x000000009CFF3000 00008C (v03 LENOVO CB-01    00000001 ACPI 00040000)
Aug 17 23:13:15 hazemzz-Lenovo-Z51-70 systemd[1]: Starting Tell Plymouth To Write Out Runtime Data...
Aug 17 23:13:15 hazemzz-Lenovo-Z51-70 kernel: [    0.000000] ACPI: SSDT 0x000000009CFD6000 000B74 (v02 LENOVO CB-01    00000001 ACPI 00040000)
Aug 17 23:13:15 hazemzz-Lenovo-Z51-70 systemd[1]: Started Braille Device Support.
Aug 17 23:13:15 hazemzz-Lenovo-Z51-70 kernel: [    0.000000] ACPI: SSDT 0x000000009CFD9000 00342F (v02 LENOVO CB-01    00000001 ACPI 00040000)
Aug 17 23:13:15 hazemzz-Lenovo-Z51-70 kernel: [    0.000000] ACPI: BOOT 0x000000009CFF8000 000028 (v01 LENOVO CB-01    00000001 ACPI 00040000)
Aug 17 23:13:15 hazemzz-Lenovo-Z51-70 kernel: [    0.000000] ACPI: SSDT 0x000000009CFCE000 001AD7 (v01 LENOVO CB-01    00000001 ACPI 00040000)
Aug 17 23:13:15 hazemzz-Lenovo-Z51-70 systemd[1]: Received SIGRTMIN+20 from PID 1489 (plymouthd).
Aug 17 23:13:15 hazemzz-Lenovo-Z51-70 kernel: [    0.000000] ACPI: DMAR 0x000000009CFCD000 0000B0 (v01 LENOVO CB-01    00000001 ACPI 00040000)
Aug 17 23:13:15 hazemzz-Lenovo-Z51-70 systemd[1]: Started Tell Plymouth To Write Out Runtime Data.
Aug 17 23:13:15 hazemzz-Lenovo-Z51-70 apparmor[1092]:  * Starting AppArmor profiles
Aug 17 23:13:15 hazemzz-Lenovo-Z51-70 apparmor[1092]: Skipping profile in /etc/apparmor.d/disable: usr.bin.firefox
Aug 17 23:13:15 hazemzz-Lenovo-Z51-70 apparmor[1092]: Skipping profile in /etc/apparmor.d/disable: usr.sbin.rsyslogd
Aug 17 23:13:15 hazemzz-Lenovo-Z51-70 apparmor[1092]:    ...done.
Aug 17 23:13:15 hazemzz-Lenovo-Z51-70 systemd[1]: Started LSB: AppArmor initialization.
Aug 17 23:13:15 hazemzz-Lenovo-Z51-70 systemd[1]: Starting Raise network interfaces...
Aug 17 23:13:15 hazemzz-Lenovo-Z51-70 systemd[1]: Reached target System Initialization.
Aug 17 23:13:15 hazemzz-Lenovo-Z51-70 systemd[1]: Listening on CUPS Scheduler.
Aug 17 23:13:15 hazemzz-Lenovo-Z51-70 systemd[1]: snapd.refresh.timer: Adding 2h 26min 55.291225s random time.
Aug 17 23:13:15 hazemzz-Lenovo-Z51-70 systemd[1]: Started Timer to automatically refresh installed snaps.
Aug 17 23:13:15 hazemzz-Lenovo-Z51-70 systemd[1]: Listening on Avahi mDNS/DNS-SD Stack Activation Socket.
Aug 17 23:13:15 hazemzz-Lenovo-Z51-70 systemd[1]: Started CUPS Scheduler.
Aug 17 23:13:15 hazemzz-Lenovo-Z51-70 systemd[1]: Listening on ACPID Listen Socket.
Aug 17 23:13:15 hazemzz-Lenovo-Z51-70 systemd[1]: apt-daily.timer: Adding 7h 50min 52.257862s random time.
Aug 17 23:13:15 hazemzz-Lenovo-Z51-70 systemd[1]: Started Daily apt activities.
Aug 17 23:13:15 hazemzz-Lenovo-Z51-70 systemd[1]: Listening on D-Bus System Message Bus Socket.
Aug 17 23:13:15 hazemzz-Lenovo-Z51-70 systemd[1]: Started ACPI Events Check.
Aug 17 23:13:15 hazemzz-Lenovo-Z51-70 systemd[1]: Started Daily Cleanup of Temporary Directories.
Aug 17 23:13:15 hazemzz-Lenovo-Z51-70 systemd[1]: Reached target Timers.
Aug 17 23:13:15 hazemzz-Lenovo-Z51-70 systemd[1]: Listening on UUID daemon activation socket.
Aug 17 23:13:15 hazemzz-Lenovo-Z51-70 systemd[1]: Started Trigger resolvconf update for networkd DNS.
Aug 17 23:13:15 hazemzz-Lenovo-Z51-70 systemd[1]: Reached target Paths.
Aug 17 23:13:15 hazemzz-Lenovo-Z51-70 systemd[1]: Starting Socket activation for snappy daemon.
Aug 17 23:13:15 hazemzz-Lenovo-Z51-70 kernel: [    0.000000] ACPI: FPDT 0x000000009CFCC000 000044 (v01 LENOVO CB-01    00000001 ACPI 00040000)
Aug 17 23:13:15 hazemzz-Lenovo-Z51-70 systemd[1]: Listening on Socket activation for snappy daemon.
Aug 17 23:13:15 hazemzz-Lenovo-Z51-70 kernel: [    0.000000] ACPI: WPBT 0x000000009CFA3000 000034 (v01 LENOVO CB-01    00000001 ACPI 00040000)
Aug 17 23:13:15 hazemzz-Lenovo-Z51-70 systemd[1]: Reached target Sockets.
Aug 17 23:13:15 hazemzz-Lenovo-Z51-70 kernel: [    0.000000] ACPI: Local APIC address 0xfee00000
Aug 17 23:13:15 hazemzz-Lenovo-Z51-70 kernel: [    0.000000] No NUMA configuration found
Aug 17 23:13:15 hazemzz-Lenovo-Z51-70 systemd[1]: Reached target Basic System.
Aug 17 23:13:15 hazemzz-Lenovo-Z51-70 kernel: [    0.000000] Faking a node at [mem 0x0000000000000000-0x000000025effffff]
Aug 17 23:13:15 hazemzz-Lenovo-Z51-70 kernel: [    0.000000] NODE_DATA(0) allocated [mem 0x25eff8000-0x25effcfff]
Aug 17 23:13:15 hazemzz-Lenovo-Z51-70 kernel: [    0.000000] Zone ranges:
Aug 17 23:13:15 hazemzz-Lenovo-Z51-70 systemd[1]: Starting Initialize hardware monitoring sensors...
Aug 17 23:13:15 hazemzz-Lenovo-Z51-70 kernel: [    0.000000]   DMA      [mem 0x0000000000001000-0x0000000000ffffff]
Aug 17 23:13:15 hazemzz-Lenovo-Z51-70 kernel: [    0.000000]   DMA32    [mem 0x0000000001000000-0x00000000ffffffff]
Aug 17 23:13:15 hazemzz-Lenovo-Z51-70 kernel: [    0.000000]   Normal   [mem 0x0000000100000000-0x000000025effffff]
Aug 17 23:13:15 hazemzz-Lenovo-Z51-70 systemd[1]: Starting Permit User Sessions...
Aug 17 23:13:15 hazemzz-Lenovo-Z51-70 kernel: [    0.000000]   Device   empty
Aug 17 23:13:15 hazemzz-Lenovo-Z51-70 kernel: [    0.000000] Movable zone start for each node
Aug 17 23:13:15 hazemzz-Lenovo-Z51-70 systemd[1]: Starting LSB: daemon to balance interrupts for SMP systems...
Aug 17 23:13:15 hazemzz-Lenovo-Z51-70 kernel: [    0.000000] Early memory node ranges
Aug 17 23:13:15 hazemzz-Lenovo-Z51-70 kernel: [    0.000000]   node   0: [mem 0x0000000000001000-0x000000000009dfff]
Aug 17 23:13:15 hazemzz-Lenovo-Z51-70 kernel: [    0.000000]   node   0: [mem 0x0000000000100000-0x000000008683dfff]
Aug 17 23:13:15 hazemzz-Lenovo-Z51-70 systemd[1]: Started CUPS Scheduler.
Aug 17 23:13:15 hazemzz-Lenovo-Z51-70 kernel: [    0.000000]   node   0: [mem 0x000000008713e000-0x000000009c852fff]
Aug 17 23:13:15 hazemzz-Lenovo-Z51-70 kernel: [    0.000000]   node   0: [mem 0x000000009cfff000-0x000000009cffffff]
Aug 17 23:13:15 hazemzz-Lenovo-Z51-70 systemd[1]: Starting LSB: Record successful boot for GRUB...
Aug 17 23:13:15 hazemzz-Lenovo-Z51-70 kernel: [    0.000000]   node   0: [mem 0x0000000100000000-0x000000025effffff]
Aug 17 23:13:15 hazemzz-Lenovo-Z51-70 kernel: [    0.000000] Initmem setup node 0 [mem 0x0000000000001000-0x000000025effffff]
Aug 17 23:13:15 hazemzz-Lenovo-Z51-70 systemd[1]: Starting Modem Manager...
Aug 17 23:13:15 hazemzz-Lenovo-Z51-70 kernel: [    0.000000] On node 0 totalpages: 2076401
Aug 17 23:13:15 hazemzz-Lenovo-Z51-70 kernel: [    0.000000]   DMA zone: 64 pages used for memmap
Aug 17 23:13:15 hazemzz-Lenovo-Z51-70 kernel: [    0.000000]   DMA zone: 21 pages reserved
Aug 17 23:13:15 hazemzz-Lenovo-Z51-70 systemd[1]: Starting Bluetooth service...
Aug 17 23:13:15 hazemzz-Lenovo-Z51-70 kernel: [    0.000000]   DMA zone: 3997 pages, LIFO batch:0
Aug 17 23:13:15 hazemzz-Lenovo-Z51-70 kernel: [    0.000000]   DMA32 zone: 9918 pages used for memmap
Aug 17 23:13:15 hazemzz-Lenovo-Z51-70 kernel: [    0.000000]   DMA32 zone: 634708 pages, LIFO batch:31
Aug 17 23:13:15 hazemzz-Lenovo-Z51-70 systemd[1]: Starting Login Service...
Aug 17 23:13:15 hazemzz-Lenovo-Z51-70 kernel: [    0.000000]   Normal zone: 22464 pages used for memmap
Aug 17 23:13:15 hazemzz-Lenovo-Z51-70 kernel: [    0.000000]   Normal zone: 1437696 pages, LIFO batch:31
Aug 17 23:13:15 hazemzz-Lenovo-Z51-70 systemd[1]: Started D-Bus System Message Bus.
Aug 17 23:13:15 hazemzz-Lenovo-Z51-70 kernel: [    0.000000] Reserving Intel graphics stolen memory at 0x9e000000-0x9fffffff
Aug 17 23:13:15 hazemzz-Lenovo-Z51-70 kernel: [    0.000000] ACPI: PM-Timer IO Port: 0x1808
Aug 17 23:13:15 hazemzz-Lenovo-Z51-70 kernel: [    0.000000] ACPI: Local APIC address 0xfee00000
Aug 17 23:13:15 hazemzz-Lenovo-Z51-70 kernel: [    0.000000] IOAPIC[0]: apic_id 2, version 32, address 0xfec00000, GSI 0-39
Aug 17 23:13:15 hazemzz-Lenovo-Z51-70 ModemManager[2667]: <info>  ModemManager (version 1.4.12) starting in system bus...
Aug 17 23:13:15 hazemzz-Lenovo-Z51-70 kernel: [    0.000000] ACPI: INT_SRC_OVR (bus 0 bus_irq 0 global_irq 2 dfl dfl)
Aug 17 23:13:15 hazemzz-Lenovo-Z51-70 kernel: [    0.000000] ACPI: INT_SRC_OVR (bus 0 bus_irq 9 global_irq 9 high level)
Aug 17 23:13:15 hazemzz-Lenovo-Z51-70 kernel: [    0.000000] ACPI: IRQ0 used by override.
Aug 17 23:13:15 hazemzz-Lenovo-Z51-70 kernel: [    0.000000] ACPI: IRQ9 used by override.
Aug 17 23:13:15 hazemzz-Lenovo-Z51-70 kernel: [    0.000000] Using ACPI (MADT) for SMP configuration information
Aug 17 23:13:15 hazemzz-Lenovo-Z51-70 kernel: [    0.000000] ACPI: HPET id: 0x8086a201 base: 0xfed00000
Aug 17 23:13:15 hazemzz-Lenovo-Z51-70 bluetoothd[2668]: Bluetooth daemon 5.37
Aug 17 23:13:15 hazemzz-Lenovo-Z51-70 kernel: [    0.000000] smpboot: Allowing 8 CPUs, 4 hotplug CPUs
Aug 17 23:13:15 hazemzz-Lenovo-Z51-70 kernel: [    0.000000] PM: Registered nosave memory: [mem 0x00000000-0x00000fff]
Aug 17 23:13:15 hazemzz-Lenovo-Z51-70 kernel: [    0.000000] PM: Registered nosave memory: [mem 0x0009e000-0x0009efff]
Aug 17 23:13:15 hazemzz-Lenovo-Z51-70 dbus[2677]: [system] AppArmor D-Bus mediation is enabled
Aug 17 23:13:15 hazemzz-Lenovo-Z51-70 kernel: [    0.000000] PM: Registered nosave memory: [mem 0x0009f000-0x0009ffff]
Aug 17 23:13:15 hazemzz-Lenovo-Z51-70 kernel: [    0.000000] PM: Registered nosave memory: [mem 0x000a0000-0x000dffff]
Aug 17 23:13:15 hazemzz-Lenovo-Z51-70 kernel: [    0.000000] PM: Registered nosave memory: [mem 0x000e0000-0x000fffff]
Aug 17 23:13:15 hazemzz-Lenovo-Z51-70 dbus[2677]: [system] Successfully activated service 'org.freedesktop.systemd1'
Aug 17 23:13:15 hazemzz-Lenovo-Z51-70 kernel: [    0.000000] PM: Registered nosave memory: [mem 0x8683e000-0x8713dfff]
Aug 17 23:13:15 hazemzz-Lenovo-Z51-70 kernel: [    0.000000] PM: Registered nosave memory: [mem 0x9c853000-0x9cd42fff]
Aug 17 23:13:15 hazemzz-Lenovo-Z51-70 systemd[1]: Started Bluetooth service.
Aug 17 23:13:15 hazemzz-Lenovo-Z51-70 kernel: [    0.000000] PM: Registered nosave memory: [mem 0x9cd43000-0x9cf58fff]
Aug 17 23:13:15 hazemzz-Lenovo-Z51-70 kernel: [    0.000000] PM: Registered nosave memory: [mem 0x9cf59000-0x9cffefff]
Aug 17 23:13:15 hazemzz-Lenovo-Z51-70 kernel: [    0.000000] PM: Registered nosave memory: [mem 0x9d000000-0x9fffffff]
Aug 17 23:13:15 hazemzz-Lenovo-Z51-70 systemd[1]: Reached target Bluetooth.
Aug 17 23:13:15 hazemzz-Lenovo-Z51-70 kernel: [    0.000000] PM: Registered nosave memory: [mem 0xa0000000-0xdfffffff]
Aug 17 23:13:15 hazemzz-Lenovo-Z51-70 kernel: [    0.000000] PM: Registered nosave memory: [mem 0xe0000000-0xefffffff]
Aug 17 23:13:15 hazemzz-Lenovo-Z51-70 kernel: [    0.000000] PM: Registered nosave memory: [mem 0xf0000000-0xfeafffff]
Aug 17 23:13:15 hazemzz-Lenovo-Z51-70 bluetoothd[2668]: Starting SDP server
Aug 17 23:13:15 hazemzz-Lenovo-Z51-70 kernel: [    0.000000] PM: Registered nosave memory: [mem 0xfeb00000-0xfeb03fff]
Aug 17 23:13:15 hazemzz-Lenovo-Z51-70 kernel: [    0.000000] PM: Registered nosave memory: [mem 0xfeb04000-0xfebfffff]
Aug 17 23:13:15 hazemzz-Lenovo-Z51-70 kernel: [    0.000000] PM: Registered nosave memory: [mem 0xfec00000-0xfec00fff]
Aug 17 23:13:15 hazemzz-Lenovo-Z51-70 systemd[1]: Starting Network Manager...
Aug 17 23:13:15 hazemzz-Lenovo-Z51-70 kernel: [    0.000000] PM: Registered nosave memory: [mem 0xfec01000-0xfed0ffff]
Aug 17 23:13:15 hazemzz-Lenovo-Z51-70 kernel: [    0.000000] PM: Registered nosave memory: [mem 0xfed10000-0xfed19fff]
Aug 17 23:13:15 hazemzz-Lenovo-Z51-70 kernel: [    0.000000] PM: Registered nosave memory: [mem 0xfed1a000-0xfed1bfff]
Aug 17 23:13:15 hazemzz-Lenovo-Z51-70 kernel: [    0.000000] PM: Registered nosave memory: [mem 0xfed1c000-0xfed1ffff]
Aug 17 23:13:15 hazemzz-Lenovo-Z51-70 systemd[1]: Starting LSB: Speech Dispatcher...
Aug 17 23:13:15 hazemzz-Lenovo-Z51-70 kernel: [    0.000000] PM: Registered nosave memory: [mem 0xfed20000-0xfedfffff]
Aug 17 23:13:15 hazemzz-Lenovo-Z51-70 kernel: [    0.000000] PM: Registered nosave memory: [mem 0xfee00000-0xfee00fff]
Aug 17 23:13:15 hazemzz-Lenovo-Z51-70 systemd[1]: Started Regular background program processing daemon.
Aug 17 23:13:15 hazemzz-Lenovo-Z51-70 kernel: [    0.000000] PM: Registered nosave memory: [mem 0xfee01000-0xff9fffff]
Aug 17 23:13:15 hazemzz-Lenovo-Z51-70 kernel: [    0.000000] PM: Registered nosave memory: [mem 0xffa00000-0xffffffff]
Aug 17 23:13:15 hazemzz-Lenovo-Z51-70 systemd[1]: Starting Accounts Service...
Aug 17 23:13:15 hazemzz-Lenovo-Z51-70 kernel: [    0.000000] e820: [mem 0xa0000000-0xdfffffff] available for PCI devices
Aug 17 23:13:15 hazemzz-Lenovo-Z51-70 kernel: [    0.000000] Booting paravirtualized kernel on bare hardware
Aug 17 23:13:15 hazemzz-Lenovo-Z51-70 kernel: [    0.000000] clocksource: refined-jiffies: mask: 0xffffffff max_cycles: 0xffffffff, max_idle_ns: 7645519600211568 ns
Aug 17 23:13:15 hazemzz-Lenovo-Z51-70 systemd[1]: Started ACPI event daemon.
Aug 17 23:13:15 hazemzz-Lenovo-Z51-70 kernel: [    0.000000] setup_percpu: NR_CPUS:256 nr_cpumask_bits:256 nr_cpu_ids:8 nr_node_ids:1
Aug 17 23:13:15 hazemzz-Lenovo-Z51-70 kernel: [    0.000000] PERCPU: Embedded 33 pages/cpu @ffff88025ec00000 s98008 r8192 d28968 u262144
Aug 17 23:13:15 hazemzz-Lenovo-Z51-70 kernel: [    0.000000] pcpu-alloc: s98008 r8192 d28968 u262144 alloc=1*2097152
Aug 17 23:13:15 hazemzz-Lenovo-Z51-70 kernel: [    0.000000] pcpu-alloc: [0] 0 1 2 3 4 5 6 7 
Aug 17 23:13:15 hazemzz-Lenovo-Z51-70 kernel: [    0.000000] Built 1 zonelists in Node order, mobility grouping on.  Total pages: 2043934
Aug 17 23:13:15 hazemzz-Lenovo-Z51-70 kernel: [    0.000000] Policy zone: Normal
Aug 17 23:13:15 hazemzz-Lenovo-Z51-70 kernel: [    0.000000] Kernel command line: BOOT_IMAGE=/boot/vmlinuz-4.4.0-31-generic root=UUID=19f2af20-8d22-48dc-baba-34f72686245d ro quiet splash vt.handoff=7
Aug 17 23:13:15 hazemzz-Lenovo-Z51-70 kernel: [    0.000000] PID hash table entries: 4096 (order: 3, 32768 bytes)
Aug 17 23:13:15 hazemzz-Lenovo-Z51-70 systemd[1]: Starting LSB: automatic crash report generation...
Aug 17 23:13:15 hazemzz-Lenovo-Z51-70 kernel: [    0.000000] Calgary: detecting Calgary via BIOS EBDA area
Aug 17 23:13:15 hazemzz-Lenovo-Z51-70 kernel: [    0.000000] Calgary: Unable to locate Rio Grande table in EBDA - bailing!
Aug 17 23:13:15 hazemzz-Lenovo-Z51-70 kernel: [    0.000000] Memory: 8053280K/8305604K available (8393K kernel code, 1282K rwdata, 3940K rodata, 1480K init, 1292K bss, 252324K reserved, 0K cma-reserved)
Aug 17 23:13:15 hazemzz-Lenovo-Z51-70 systemd[1]: Started crash report submission daemon.
Aug 17 23:13:15 hazemzz-Lenovo-Z51-70 kernel: [    0.000000] SLUB: HWalign=64, Order=0-3, MinObjects=0, CPUs=8, Nodes=1
Aug 17 23:13:15 hazemzz-Lenovo-Z51-70 systemd[1]: Starting Restore /etc/resolv.conf if the system crashed before the ppp link was shut down...
Aug 17 23:13:15 hazemzz-Lenovo-Z51-70 kernel: [    0.000000] Hierarchical RCU implementation.
Aug 17 23:13:15 hazemzz-Lenovo-Z51-70 cron[2720]: (CRON) INFO (pidfile fd = 3)
Aug 17 23:13:15 hazemzz-Lenovo-Z51-70 kernel: [    0.000000] 	Build-time adjustment of leaf fanout to 64.
Aug 17 23:13:15 hazemzz-Lenovo-Z51-70 kernel: [    0.000000] 	RCU restricting CPUs from NR_CPUS=256 to nr_cpu_ids=8.
Aug 17 23:13:15 hazemzz-Lenovo-Z51-70 kernel: [    0.000000] RCU: Adjusting geometry for rcu_fanout_leaf=64, nr_cpu_ids=8
Aug 17 23:13:15 hazemzz-Lenovo-Z51-70 systemd[1]: Started Snappy daemon.
Aug 17 23:13:15 hazemzz-Lenovo-Z51-70 kernel: [    0.000000] NR_IRQS:16640 nr_irqs:760 16
Aug 17 23:13:15 hazemzz-Lenovo-Z51-70 kernel: [    0.000000] vt handoff: transparent VT on vt#7
Aug 17 23:13:15 hazemzz-Lenovo-Z51-70 systemd[1]: Starting Avahi mDNS/DNS-SD Stack...
Aug 17 23:13:15 hazemzz-Lenovo-Z51-70 kernel: [    0.000000] Console: colour dummy device 80x25
Aug 17 23:13:15 hazemzz-Lenovo-Z51-70 kernel: [    0.000000] console [tty0] enabled
Aug 17 23:13:15 hazemzz-Lenovo-Z51-70 kernel: [    0.000000] clocksource: hpet: mask: 0xffffffff max_cycles: 0xffffffff, max_idle_ns: 133484882848 ns
Aug 17 23:13:15 hazemzz-Lenovo-Z51-70 kernel: [    0.000000] hpet clockevent registered
Aug 17 23:13:15 hazemzz-Lenovo-Z51-70 kernel: [    0.000000] tsc: Fast TSC calibration using PIT
Aug 17 23:13:15 hazemzz-Lenovo-Z51-70 systemd[1]: Starting Detect the available GPUs and deal with any system changes...
Aug 17 23:13:15 hazemzz-Lenovo-Z51-70 kernel: [    0.000000] tsc: Detected 2394.483 MHz processor
Aug 17 23:13:15 hazemzz-Lenovo-Z51-70 kernel: [    0.000029] Calibrating delay loop (skipped), value calculated using timer frequency.. 4788.96 BogoMIPS (lpj=9577932)
Aug 17 23:13:15 hazemzz-Lenovo-Z51-70 systemd[1]: Starting LSB: Set the CPU Frequency Scaling governor to "ondemand"...
Aug 17 23:13:15 hazemzz-Lenovo-Z51-70 kernel: [    0.000032] pid_max: default: 32768 minimum: 301
Aug 17 23:13:15 hazemzz-Lenovo-Z51-70 kernel: [    0.000037] ACPI: Core revision 20150930
Aug 17 23:13:15 hazemzz-Lenovo-Z51-70 systemd[1]: Starting Thermal Daemon Service...
Aug 17 23:13:15 hazemzz-Lenovo-Z51-70 kernel: [    0.018548] ACPI: 7 ACPI AML tables successfully acquired and loaded
Aug 17 23:13:15 hazemzz-Lenovo-Z51-70 kernel: [    0.018568] Security Framework initialized
Aug 17 23:13:15 hazemzz-Lenovo-Z51-70 systemd[1]: Starting System Logging Service...
Aug 17 23:13:15 hazemzz-Lenovo-Z51-70 kernel: [    0.018572] Yama: becoming mindful.
Aug 17 23:13:15 hazemzz-Lenovo-Z51-70 kernel: [    0.018587] AppArmor: AppArmor initialized
Aug 17 23:13:15 hazemzz-Lenovo-Z51-70 systemd[1]: Started Run anacron jobs.
Aug 17 23:13:15 hazemzz-Lenovo-Z51-70 kernel: [    0.019085] Dentry cache hash table entries: 1048576 (order: 11, 8388608 bytes)
Aug 17 23:13:15 hazemzz-Lenovo-Z51-70 kernel: [    0.020728] Inode-cache hash table entries: 524288 (order: 10, 4194304 bytes)
Aug 17 23:13:15 hazemzz-Lenovo-Z51-70 kernel: [    0.021489] Mount-cache hash table entries: 16384 (order: 5, 131072 bytes)
Aug 17 23:13:15 hazemzz-Lenovo-Z51-70 kernel: [    0.021499] Mountpoint-cache hash table entries: 16384 (order: 5, 131072 bytes)
Aug 17 23:13:15 hazemzz-Lenovo-Z51-70 systemd[1]: Starting Save/Restore Sound Card State...
Aug 17 23:13:15 hazemzz-Lenovo-Z51-70 kernel: [    0.021721] Initializing cgroup subsys io
Aug 17 23:13:15 hazemzz-Lenovo-Z51-70 systemd[1]: Started Permit User Sessions.
Aug 17 23:13:15 hazemzz-Lenovo-Z51-70 kernel: [    0.021724] Initializing cgroup subsys memory
Aug 17 23:13:15 hazemzz-Lenovo-Z51-70 kernel: [    0.021729] Initializing cgroup subsys devices
Aug 17 23:13:15 hazemzz-Lenovo-Z51-70 sensors[2759]: acpitz-virtual-0
Aug 17 23:13:15 hazemzz-Lenovo-Z51-70 kernel: [    0.021731] Initializing cgroup subsys freezer
Aug 17 23:13:15 hazemzz-Lenovo-Z51-70 kernel: [    0.021733] Initializing cgroup subsys net_cls
Aug 17 23:13:15 hazemzz-Lenovo-Z51-70 sensors[2759]: Adapter: Virtual device
Aug 17 23:13:15 hazemzz-Lenovo-Z51-70 kernel: [    0.021735] Initializing cgroup subsys perf_event
Aug 17 23:13:15 hazemzz-Lenovo-Z51-70 sensors[2759]: temp1:        +27.8°C  (crit = +110.0°C)
Aug 17 23:13:15 hazemzz-Lenovo-Z51-70 kernel: [    0.021737] Initializing cgroup subsys net_prio
Aug 17 23:13:15 hazemzz-Lenovo-Z51-70 kernel: [    0.021739] Initializing cgroup subsys hugetlb
Aug 17 23:13:15 hazemzz-Lenovo-Z51-70 kernel: [    0.021741] Initializing cgroup subsys pids
Aug 17 23:13:15 hazemzz-Lenovo-Z51-70 sensors[2759]: temp2:        +29.8°C  (crit = +110.0°C)
Aug 17 23:13:15 hazemzz-Lenovo-Z51-70 kernel: [    0.021764] CPU: Physical Processor ID: 0
Aug 17 23:13:15 hazemzz-Lenovo-Z51-70 kernel: [    0.021765] CPU: Processor Core ID: 0
Aug 17 23:13:15 hazemzz-Lenovo-Z51-70 sensors[2759]: radeon-pci-0400
Aug 17 23:13:15 hazemzz-Lenovo-Z51-70 kernel: [    0.021769] ENERGY_PERF_BIAS: Set to 'normal', was 'performance'
Aug 17 23:13:15 hazemzz-Lenovo-Z51-70 kernel: [    0.021770] ENERGY_PERF_BIAS: View and update with x86_energy_perf_policy(8)
Aug 17 23:13:15 hazemzz-Lenovo-Z51-70 sensors[2759]: Adapter: PCI adapter
Aug 17 23:13:15 hazemzz-Lenovo-Z51-70 kernel: [    0.022771] mce: CPU supports 7 MCE banks
Aug 17 23:13:15 hazemzz-Lenovo-Z51-70 kernel: [    0.022783] CPU0: Thermal monitoring enabled (TM1)
Aug 17 23:13:15 hazemzz-Lenovo-Z51-70 kernel: [    0.022791] process: using mwait in idle threads
Aug 17 23:13:15 hazemzz-Lenovo-Z51-70 sensors[2759]: temp1:            N/A  (crit = +120.0°C, hyst = +90.0°C)
Aug 17 23:13:15 hazemzz-Lenovo-Z51-70 kernel: [    0.022794] Last level iTLB entries: 4KB 64, 2MB 8, 4MB 8
Aug 17 23:13:15 hazemzz-Lenovo-Z51-70 kernel: [    0.022795] Last level dTLB entries: 4KB 64, 2MB 0, 4MB 0, 1GB 4
Aug 17 23:13:15 hazemzz-Lenovo-Z51-70 sensors[2759]: coretemp-isa-0000
Aug 17 23:13:15 hazemzz-Lenovo-Z51-70 sensors[2759]: Adapter: ISA adapter
Aug 17 23:13:15 hazemzz-Lenovo-Z51-70 sensors[2759]: Physical id 0:  +62.0°C  (high = +105.0°C, crit = +105.0°C)
Aug 17 23:13:15 hazemzz-Lenovo-Z51-70 sensors[2759]: Core 0:         +62.0°C  (high = +105.0°C, crit = +105.0°C)
Aug 17 23:13:15 hazemzz-Lenovo-Z51-70 sensors[2759]: Core 1:         +58.0°C  (high = +105.0°C, crit = +105.0°C)
Aug 17 23:13:15 hazemzz-Lenovo-Z51-70 systemd[1]: Started Initialize hardware monitoring sensors.
Aug 17 23:13:15 hazemzz-Lenovo-Z51-70 alsactl[2763]: /usr/sbin/alsactl: load_state:1683: Cannot open /var/lib/alsa/asound.state for reading: No such file or directory
Aug 17 23:13:15 hazemzz-Lenovo-Z51-70 alsactl[2763]: Found hardware: "HDA-Intel" "Intel Broadwell HDMI" "HDA:80862808,80860101,00100000" "0x17aa" "0x3823"
Aug 17 23:13:15 hazemzz-Lenovo-Z51-70 alsactl[2763]: Hardware is initialized using a generic method
Aug 17 23:13:15 hazemzz-Lenovo-Z51-70 alsactl[2763]: Found hardware: "HDA-Intel" "Realtek Generic" "HDA:10ec0236,17aa3808,00100002" "0x17aa" "0x3823"
Aug 17 23:13:15 hazemzz-Lenovo-Z51-70 alsactl[2763]: Hardware is initialized using a generic method
Aug 17 23:13:15 hazemzz-Lenovo-Z51-70 systemd[1]: Started Save/Restore Sound Card State.
Aug 17 23:13:15 hazemzz-Lenovo-Z51-70 acpid: starting up with netlink and the input layer
Aug 17 23:13:15 hazemzz-Lenovo-Z51-70 apport[2729]:  * Starting automatic crash report generation: apport
Aug 17 23:13:15 hazemzz-Lenovo-Z51-70 systemd[1]: Started Login Service.
Aug 17 23:13:15 hazemzz-Lenovo-Z51-70 systemd[1]: Started Raise network interfaces.
Aug 17 23:13:15 hazemzz-Lenovo-Z51-70 systemd[1]: Started LSB: Set the CPU Frequency Scaling governor to "ondemand".
Aug 17 23:13:15 hazemzz-Lenovo-Z51-70 gpu-manager[2743]: /etc/modprobe.d is not a file
Aug 17 23:13:15 hazemzz-Lenovo-Z51-70 kernel: [    0.023167] Freeing SMP alternatives memory: 28K (ffffffff820b4000 - ffffffff820bb000)
Aug 17 23:13:15 hazemzz-Lenovo-Z51-70 kernel: [    0.027054] ftrace: allocating 31994 entries in 125 pages
Aug 17 23:13:15 hazemzz-Lenovo-Z51-70 kernel: [    0.040760] smpboot: Max logical packages: 4
Aug 17 23:13:15 hazemzz-Lenovo-Z51-70 kernel: [    0.040762] smpboot: APIC(0) Converting physical 0 to logical package 0
Aug 17 23:13:15 hazemzz-Lenovo-Z51-70 kernel: [    0.040773] DMAR: Host address width 39
Aug 17 23:13:15 hazemzz-Lenovo-Z51-70 kernel: [    0.040774] DMAR: DRHD base: 0x000000fed90000 flags: 0x0
Aug 17 23:13:15 hazemzz-Lenovo-Z51-70 kernel: [    0.040779] DMAR: dmar0: reg_base_addr fed90000 ver 1:0 cap 1c0000c40660462 ecap 7e1ff0505e
Aug 17 23:13:15 hazemzz-Lenovo-Z51-70 kernel: [    0.040781] DMAR: DRHD base: 0x000000fed91000 flags: 0x1
Aug 17 23:13:15 hazemzz-Lenovo-Z51-70 kernel: [    0.040784] DMAR: dmar1: reg_base_addr fed91000 ver 1:0 cap d2008c20660462 ecap f010da
Aug 17 23:13:15 hazemzz-Lenovo-Z51-70 kernel: [    0.040785] DMAR: RMRR base: 0x0000009cce9000 end: 0x0000009cd08fff
Aug 17 23:13:15 hazemzz-Lenovo-Z51-70 kernel: [    0.040786] DMAR: RMRR base: 0x0000009d800000 end: 0x0000009fffffff
Aug 17 23:13:15 hazemzz-Lenovo-Z51-70 kernel: [    0.040790] DMAR-IR: IOAPIC id 2 under DRHD base  0xfed91000 IOMMU 1
Aug 17 23:13:15 hazemzz-Lenovo-Z51-70 kernel: [    0.040791] DMAR-IR: HPET id 0 under DRHD base 0xfed91000
Aug 17 23:13:15 hazemzz-Lenovo-Z51-70 kernel: [    0.040792] DMAR-IR: x2apic is disabled because BIOS sets x2apic opt out bit.
Aug 17 23:13:15 hazemzz-Lenovo-Z51-70 kernel: [    0.040793] DMAR-IR: Use 'intremap=no_x2apic_optout' to override the BIOS setting.
Aug 17 23:13:15 hazemzz-Lenovo-Z51-70 kernel: [    0.041216] DMAR-IR: Enabled IRQ remapping in xapic mode
Aug 17 23:13:15 hazemzz-Lenovo-Z51-70 kernel: [    0.041217] x2apic: IRQ remapping doesn't support X2APIC mode
Aug 17 23:13:15 hazemzz-Lenovo-Z51-70 gpu-manager[2743]: message repeated 4 times: [ /etc/modprobe.d is not a file]
Aug 17 23:13:15 hazemzz-Lenovo-Z51-70 gpu-manager[2743]: Error: can't open /lib/modules/4.4.0-31-generic/updates/dkms
Aug 17 23:13:15 hazemzz-Lenovo-Z51-70 kernel: [    0.041832] ..TIMER: vector=0x30 apic1=0 pin1=2 apic2=-1 pin2=-1
Aug 17 23:13:15 hazemzz-Lenovo-Z51-70 kernel: [    0.081520] TSC deadline timer enabled
Aug 17 23:13:15 hazemzz-Lenovo-Z51-70 kernel: [    0.081522] smpboot: CPU0: Intel(R) Core(TM) i7-5500U CPU @ 2.40GHz (family: 0x6, model: 0x3d, stepping: 0x4)
Aug 17 23:13:15 hazemzz-Lenovo-Z51-70 kernel: [    0.081538] Performance Events: PEBS fmt2+, 16-deep LBR, Broadwell events, full-width counters, Intel PMU driver.
Aug 17 23:13:15 hazemzz-Lenovo-Z51-70 kernel: [    0.081557] ... version:                3
Aug 17 23:13:15 hazemzz-Lenovo-Z51-70 kernel: [    0.081558] ... bit width:              48
Aug 17 23:13:15 hazemzz-Lenovo-Z51-70 kernel: [    0.081559] ... generic registers:      4
Aug 17 23:13:15 hazemzz-Lenovo-Z51-70 gpu-manager[2743]: Error: can't open /lib/modules/4.4.0-31-generic/updates/dkms
Aug 17 23:13:15 hazemzz-Lenovo-Z51-70 anacron[2754]: Anacron 2.3 started on 2016-08-17
Aug 17 23:13:15 hazemzz-Lenovo-Z51-70 kernel: [    0.081559] ... value mask:             0000ffffffffffff
Aug 17 23:13:15 hazemzz-Lenovo-Z51-70 kernel: [    0.081560] ... max period:             0000ffffffffffff
Aug 17 23:13:15 hazemzz-Lenovo-Z51-70 kernel: [    0.081561] ... fixed-purpose events:   3
Aug 17 23:13:15 hazemzz-Lenovo-Z51-70 kernel: [    0.081562] ... event mask:             000000070000000f
Aug 17 23:13:15 hazemzz-Lenovo-Z51-70 speech-dispatcher[2718]:  * speech-dispatcher disabled; edit /etc/default/speech-dispatcher
Aug 17 23:13:15 hazemzz-Lenovo-Z51-70 kernel: [    0.082373] x86: Booting SMP configuration:
Aug 17 23:13:15 hazemzz-Lenovo-Z51-70 kernel: [    0.082374] .... node  #0, CPUs:      #1
Aug 17 23:13:15 hazemzz-Lenovo-Z51-70 kernel: [    0.086039] NMI watchdog: enabled on all CPUs, permanently consumes one hw-PMU counter.
Aug 17 23:13:15 hazemzz-Lenovo-Z51-70 kernel: [    0.086118]  #2 #3
Aug 17 23:13:15 hazemzz-Lenovo-Z51-70 systemd[1]: Started LSB: Speech Dispatcher.
Aug 17 23:13:15 hazemzz-Lenovo-Z51-70 kernel: [    0.093330] x86: Booted up 1 node, 4 CPUs
Aug 17 23:13:15 hazemzz-Lenovo-Z51-70 kernel: [    0.093333] smpboot: Total of 4 processors activated (19155.86 BogoMIPS)
Aug 17 23:13:15 hazemzz-Lenovo-Z51-70 irqbalance[2657]:  * Starting SMP IRQ Balancer: irqbalance
Aug 17 23:13:15 hazemzz-Lenovo-Z51-70 kernel: [    0.097820] devtmpfs: initialized
Aug 17 23:13:15 hazemzz-Lenovo-Z51-70 kernel: [    0.100024] evm: security.selinux
Aug 17 23:13:15 hazemzz-Lenovo-Z51-70 kernel: [    0.100025] evm: security.SMACK64
Aug 17 23:13:15 hazemzz-Lenovo-Z51-70 kernel: [    0.100026] evm: security.SMACK64EXEC
Aug 17 23:13:15 hazemzz-Lenovo-Z51-70 systemd[1]: Started Restore /etc/resolv.conf if the system crashed before the ppp link was shut down.
Aug 17 23:13:15 hazemzz-Lenovo-Z51-70 kernel: [    0.100027] evm: security.SMACK64TRANSMUTE
Aug 17 23:13:15 hazemzz-Lenovo-Z51-70 kernel: [    0.100028] evm: security.SMACK64MMAP
Aug 17 23:13:15 hazemzz-Lenovo-Z51-70 avahi-daemon[2742]: Found user 'avahi' (UID 111) and group 'avahi' (GID 120).
Aug 17 23:13:15 hazemzz-Lenovo-Z51-70 kernel: [    0.100028] evm: security.ima
Aug 17 23:13:15 hazemzz-Lenovo-Z51-70 kernel: [    0.100031] evm: security.capability
Aug 17 23:13:15 hazemzz-Lenovo-Z51-70 avahi-daemon[2742]: Successfully dropped root privileges.
Aug 17 23:13:15 hazemzz-Lenovo-Z51-70 kernel: [    0.100084] PM: Registering ACPI NVS region [mem 0x9cd43000-0x9cf58fff] (2187264 bytes)
Aug 17 23:13:15 hazemzz-Lenovo-Z51-70 kernel: [    0.100184] clocksource: jiffies: mask: 0xffffffff max_cycles: 0xffffffff, max_idle_ns: 7645041785100000 ns
Aug 17 23:13:15 hazemzz-Lenovo-Z51-70 avahi-daemon[2742]: avahi-daemon 0.6.32-rc starting up.
Aug 17 23:13:15 hazemzz-Lenovo-Z51-70 kernel: [    0.100274] pinctrl core: initialized pinctrl subsystem
Aug 17 23:13:15 hazemzz-Lenovo-Z51-70 systemd[1]: Started Avahi mDNS/DNS-SD Stack.
Aug 17 23:13:15 hazemzz-Lenovo-Z51-70 kernel: [    0.100373] RTC time: 21:13:00, date: 08/17/16
Aug 17 23:13:15 hazemzz-Lenovo-Z51-70 kernel: [    0.100482] NET: Registered protocol family 16
Aug 17 23:13:15 hazemzz-Lenovo-Z51-70 kernel: [    0.109661] cpuidle: using governor ladder
Aug 17 23:13:15 hazemzz-Lenovo-Z51-70 kernel: [    0.121669] cpuidle: using governor menu
Aug 17 23:13:15 hazemzz-Lenovo-Z51-70 avahi-daemon[2742]: Successfully called chroot().
Aug 17 23:13:15 hazemzz-Lenovo-Z51-70 kernel: [    0.121673] PCCT header not found.
Aug 17 23:13:15 hazemzz-Lenovo-Z51-70 kernel: [    0.121721] Simple Boot Flag at 0x44 set to 0x1
Aug 17 23:13:15 hazemzz-Lenovo-Z51-70 avahi-daemon[2742]: Successfully dropped remaining capabilities.
Aug 17 23:13:15 hazemzz-Lenovo-Z51-70 kernel: [    0.121759] ACPI FADT declares the system doesn't support PCIe ASPM, so disable it
Aug 17 23:13:15 hazemzz-Lenovo-Z51-70 kernel: [    0.121760] ACPI: bus type PCI registered
Aug 17 23:13:15 hazemzz-Lenovo-Z51-70 systemd[1]: Started Make remote CUPS printers available locally.
Aug 17 23:13:15 hazemzz-Lenovo-Z51-70 kernel: [    0.121762] acpiphp: ACPI Hot Plug PCI Controller Driver version: 0.5
Aug 17 23:13:15 hazemzz-Lenovo-Z51-70 kernel: [    0.121838] PCI: MMCONFIG for domain 0000 [bus 00-ff] at [mem 0xe0000000-0xefffffff] (base 0xe0000000)
Aug 17 23:13:15 hazemzz-Lenovo-Z51-70 kernel: [    0.121840] PCI: MMCONFIG at [mem 0xe0000000-0xefffffff] reserved in E820
Aug 17 23:13:15 hazemzz-Lenovo-Z51-70 apport[2729]:    ...done.
Aug 17 23:13:15 hazemzz-Lenovo-Z51-70 kernel: [    0.121849] PCI: Using configuration type 1 for base access
Aug 17 23:13:15 hazemzz-Lenovo-Z51-70 kernel: [    0.133992] ACPI: Added _OSI(Module Device)
Aug 17 23:13:15 hazemzz-Lenovo-Z51-70 systemd[1]: Started LSB: automatic crash report generation.
Aug 17 23:13:15 hazemzz-Lenovo-Z51-70 kernel: [    0.133994] ACPI: Added _OSI(Processor Device)
Aug 17 23:13:15 hazemzz-Lenovo-Z51-70 kernel: [    0.133995] ACPI: Added _OSI(3.0 _SCP Extensions)
Aug 17 23:13:15 hazemzz-Lenovo-Z51-70 kernel: [    0.133996] ACPI: Added _OSI(Processor Aggregator Device)
Aug 17 23:13:15 hazemzz-Lenovo-Z51-70 avahi-daemon[2742]: No service file found in /etc/avahi/services.
Aug 17 23:13:15 hazemzz-Lenovo-Z51-70 kernel: [    0.138826] ACPI: Executed 15 blocks of module-level executable AML code
Aug 17 23:13:15 hazemzz-Lenovo-Z51-70 kernel: [    0.142800] [Firmware Bug]: ACPI: BIOS _OSI(Linux) query ignored
Aug 17 23:13:15 hazemzz-Lenovo-Z51-70 kernel: [    0.143681] ACPI: Dynamic OEM Table Load:
Aug 17 23:13:15 hazemzz-Lenovo-Z51-70 kernel: [    0.143689] ACPI: SSDT 0xFFFF880254959400 0003D3 (v02 PmRef  Cpu0Cst  00003001 INTL 20120913)
Aug 17 23:13:15 hazemzz-Lenovo-Z51-70 anacron[2754]: Will run job `cron.daily' in 5 min.
Aug 17 23:13:15 hazemzz-Lenovo-Z51-70 kernel: [    0.144493] ACPI: Dynamic OEM Table Load:
Aug 17 23:13:15 hazemzz-Lenovo-Z51-70 kernel: [    0.144500] ACPI: SSDT 0xFFFF8802548AA800 0005AA (v02 PmRef  ApIst    00003000 INTL 20120913)
Aug 17 23:13:15 hazemzz-Lenovo-Z51-70 kernel: [    0.145341] ACPI: Dynamic OEM Table Load:
Aug 17 23:13:15 hazemzz-Lenovo-Z51-70 anacron[2754]: Will run job `cron.weekly' in 10 min.
Aug 17 23:13:15 hazemzz-Lenovo-Z51-70 kernel: [    0.145347] ACPI: SSDT 0xFFFF880254980000 000119 (v02 PmRef  ApCst    00003000 INTL 20120913)
Aug 17 23:13:15 hazemzz-Lenovo-Z51-70 kernel: [    0.146818] ACPI : EC: EC started
Aug 17 23:13:15 hazemzz-Lenovo-Z51-70 kernel: [    0.152532] ACPI: Interpreter enabled
Aug 17 23:13:15 hazemzz-Lenovo-Z51-70 anacron[2754]: Will run job `cron.monthly' in 15 min.
Aug 17 23:13:15 hazemzz-Lenovo-Z51-70 kernel: [    0.152540] ACPI Exception: AE_NOT_FOUND, While evaluating Sleep State [\_S1_] (20150930/hwxface-580)
Aug 17 23:13:15 hazemzz-Lenovo-Z51-70 kernel: [    0.152547] ACPI Exception: AE_NOT_FOUND, While evaluating Sleep State [\_S2_] (20150930/hwxface-580)
Aug 17 23:13:15 hazemzz-Lenovo-Z51-70 kernel: [    0.152569] ACPI: (supports S0 S3 S4 S5)
Aug 17 23:13:15 hazemzz-Lenovo-Z51-70 anacron[2754]: Jobs will be executed sequentially
Aug 17 23:13:15 hazemzz-Lenovo-Z51-70 kernel: [    0.152570] ACPI: Using IOAPIC for interrupt routing
Aug 17 23:13:15 hazemzz-Lenovo-Z51-70 systemd[1]: Started LSB: Record successful boot for GRUB.
Aug 17 23:13:15 hazemzz-Lenovo-Z51-70 kernel: [    0.152595] PCI: Using host bridge windows from ACPI; if necessary, use "pci=nocrs" and report a bug
Aug 17 23:13:15 hazemzz-Lenovo-Z51-70 kernel: [    0.207720] ACPI: Power Resource [PC05] (on)
Aug 17 23:13:15 hazemzz-Lenovo-Z51-70 acpid: 9 rules loaded
Aug 17 23:13:15 hazemzz-Lenovo-Z51-70 kernel: [    0.209927] ACPI: Power Resource [FN00] (off)
Aug 17 23:13:15 hazemzz-Lenovo-Z51-70 kernel: [    0.209996] ACPI: Power Resource [FN01] (off)
Aug 17 23:13:15 hazemzz-Lenovo-Z51-70 acpid: waiting for events: event logging is off
Aug 17 23:13:15 hazemzz-Lenovo-Z51-70 kernel: [    0.210061] ACPI: Power Resource [FN02] (off)
Aug 17 23:13:15 hazemzz-Lenovo-Z51-70 kernel: [    0.210126] ACPI: Power Resource [FN03] (off)
Aug 17 23:13:15 hazemzz-Lenovo-Z51-70 kernel: [    0.210193] ACPI: Power Resource [FN04] (off)
Aug 17 23:13:15 hazemzz-Lenovo-Z51-70 cron[2720]: (CRON) INFO (Running @reboot jobs)
Aug 17 23:13:15 hazemzz-Lenovo-Z51-70 kernel: [    0.210918] ACPI: PCI Root Bridge [PCI0] (domain 0000 [bus 00-fe])
Aug 17 23:13:15 hazemzz-Lenovo-Z51-70 kernel: [    0.210923] acpi PNP0A08:00: _OSC: OS supports [ExtendedConfig ASPM ClockPM Segments MSI]
Aug 17 23:13:15 hazemzz-Lenovo-Z51-70 kernel: [    2.313055] acpi PNP0A08:00: _OSC: OS now controls [PCIeHotplug PME AER PCIeCapability]
Aug 17 23:13:15 hazemzz-Lenovo-Z51-70 avahi-daemon[2742]: Network interface enumeration completed.
Aug 17 23:13:15 hazemzz-Lenovo-Z51-70 kernel: [    2.313056] acpi PNP0A08:00: FADT indicates ASPM is unsupported, using BIOS configuration
Aug 17 23:13:15 hazemzz-Lenovo-Z51-70 avahi-daemon[2742]: Server startup complete. Host name is hazemzz-Lenovo-Z51-70.local. Local service cookie is 3149603266.
Aug 17 23:13:15 hazemzz-Lenovo-Z51-70 kernel: [    2.313736] PCI host bridge to bus 0000:00
Aug 17 23:13:15 hazemzz-Lenovo-Z51-70 kernel: [    2.313739] pci_bus 0000:00: root bus resource [io  0x0000-0x0cf7 window]
Aug 17 23:13:15 hazemzz-Lenovo-Z51-70 dbus[2677]: [system] Activating via systemd: service name='org.freedesktop.PolicyKit1' unit='polkitd.service'
Aug 17 23:13:15 hazemzz-Lenovo-Z51-70 kernel: [    2.313741] pci_bus 0000:00: root bus resource [io  0x0d00-0xffff window]
Aug 17 23:13:15 hazemzz-Lenovo-Z51-70 kernel: [    2.313742] pci_bus 0000:00: root bus resource [mem 0x000a0000-0x000bffff window]
Aug 17 23:13:15 hazemzz-Lenovo-Z51-70 kernel: [    2.313744] pci_bus 0000:00: root bus resource [mem 0xa0000000-0xfeafffff window]
Aug 17 23:13:15 hazemzz-Lenovo-Z51-70 irqbalance[2657]:    ...done.
Aug 17 23:13:15 hazemzz-Lenovo-Z51-70 kernel: [    2.313745] pci_bus 0000:00: root bus resource [bus 00-fe]
Aug 17 23:13:15 hazemzz-Lenovo-Z51-70 kernel: [    2.313755] pci 0000:00:00.0: [8086:1604] type 00 class 0x060000
Aug 17 23:13:15 hazemzz-Lenovo-Z51-70 systemd[1]: Starting Authenticate and Authorize Users to Run Privileged Tasks...
Aug 17 23:13:15 hazemzz-Lenovo-Z51-70 kernel: [    2.313981] pci 0000:00:02.0: [8086:1616] type 00 class 0x030000
Aug 17 23:13:15 hazemzz-Lenovo-Z51-70 kernel: [    2.313994] pci 0000:00:02.0: reg 0x10: [mem 0xd0000000-0xd0ffffff 64bit]
Aug 17 23:13:15 hazemzz-Lenovo-Z51-70 thermald[2748]: 20 CPUID levels; family:model:stepping 0x6:3d:4 (6:61:4)
Aug 17 23:13:15 hazemzz-Lenovo-Z51-70 kernel: [    2.314000] pci 0000:00:02.0: reg 0x18: [mem 0xc0000000-0xcfffffff 64bit pref]
Aug 17 23:13:15 hazemzz-Lenovo-Z51-70 kernel: [    2.314005] pci 0000:00:02.0: reg 0x20: [io  0x5000-0x503f]
Aug 17 23:13:15 hazemzz-Lenovo-Z51-70 thermald[2748]: Polling mode is enabled: 4
Aug 17 23:13:15 hazemzz-Lenovo-Z51-70 kernel: [    2.314230] pci 0000:00:03.0: [8086:160c] type 00 class 0x040300
Aug 17 23:13:15 hazemzz-Lenovo-Z51-70 bluetoothd[2668]: Bluetooth management interface 1.10 initialized
Aug 17 23:13:15 hazemzz-Lenovo-Z51-70 kernel: [    2.314241] pci 0000:00:03.0: reg 0x10: [mem 0xd1310000-0xd1313fff 64bit]
Aug 17 23:13:15 hazemzz-Lenovo-Z51-70 kernel: [    2.314478] pci 0000:00:14.0: [8086:9cb1] type 00 class 0x0c0330
Aug 17 23:13:15 hazemzz-Lenovo-Z51-70 systemd[1]: Started LSB: daemon to balance interrupts for SMP systems.
Aug 17 23:13:15 hazemzz-Lenovo-Z51-70 kernel: [    2.314500] pci 0000:00:14.0: reg 0x10: [mem 0xd1300000-0xd130ffff 64bit]
Aug 17 23:13:15 hazemzz-Lenovo-Z51-70 kernel: [    2.314546] pci 0000:00:14.0: PME# supported from D3hot D3cold
Aug 17 23:13:15 hazemzz-Lenovo-Z51-70 kernel: [    2.314736] pci 0000:00:14.0: System wakeup disabled by ACPI
Aug 17 23:13:15 hazemzz-Lenovo-Z51-70 bluetoothd[2668]: Failed to obtain handles for "Service Changed" characteristic
Aug 17 23:13:15 hazemzz-Lenovo-Z51-70 kernel: [    2.314772] pci 0000:00:16.0: [8086:9cba] type 00 class 0x078000
Aug 17 23:13:15 hazemzz-Lenovo-Z51-70 kernel: [    2.314798] pci 0000:00:16.0: reg 0x10: [mem 0xd131b000-0xd131b01f 64bit]
Aug 17 23:13:15 hazemzz-Lenovo-Z51-70 kernel: [    2.314852] pci 0000:00:16.0: PME# supported from D0 D3hot D3cold
Aug 17 23:13:15 hazemzz-Lenovo-Z51-70 kernel: [    2.315077] pci 0000:00:1b.0: [8086:9ca0] type 00 class 0x040300
Aug 17 23:13:15 hazemzz-Lenovo-Z51-70 dbus[2677]: [system] Activating via systemd: service name='org.freedesktop.hostname1' unit='dbus-org.freedesktop.hostname1.service'
Aug 17 23:13:15 hazemzz-Lenovo-Z51-70 kernel: [    2.315099] pci 0000:00:1b.0: reg 0x10: [mem 0xd1314000-0xd1317fff 64bit]
Aug 17 23:13:15 hazemzz-Lenovo-Z51-70 kernel: [    2.315145] pci 0000:00:1b.0: PME# supported from D0 D3hot D3cold
Aug 17 23:13:15 hazemzz-Lenovo-Z51-70 bluetoothd[2668]: Not enough free handles to register service
Aug 17 23:13:15 hazemzz-Lenovo-Z51-70 kernel: [    2.315336] pci 0000:00:1b.0: System wakeup disabled by ACPI
Aug 17 23:13:15 hazemzz-Lenovo-Z51-70 kernel: [    2.315370] pci 0000:00:1c.0: [8086:9c90] type 01 class 0x060400
Aug 17 23:13:15 hazemzz-Lenovo-Z51-70 bluetoothd[2668]: Error adding Link Loss service
Aug 17 23:13:15 hazemzz-Lenovo-Z51-70 kernel: [    2.315426] pci 0000:00:1c.0: PME# supported from D0 D3hot D3cold
Aug 17 23:13:15 hazemzz-Lenovo-Z51-70 kernel: [    2.315632] pci 0000:00:1c.0: System wakeup disabled by ACPI
Aug 17 23:13:15 hazemzz-Lenovo-Z51-70 kernel: [    2.315666] pci 0000:00:1c.2: [8086:9c94] type 01 class 0x060400
Aug 17 23:13:15 hazemzz-Lenovo-Z51-70 bluetoothd[2668]: Not enough free handles to register service
Aug 17 23:13:15 hazemzz-Lenovo-Z51-70 kernel: [    2.315723] pci 0000:00:1c.2: PME# supported from D0 D3hot D3cold
Aug 17 23:13:15 hazemzz-Lenovo-Z51-70 kernel: [    2.315929] pci 0000:00:1c.2: System wakeup disabled by ACPI
Aug 17 23:13:15 hazemzz-Lenovo-Z51-70 kernel: [    2.315961] pci 0000:00:1c.3: [8086:9c96] type 01 class 0x060400
Aug 17 23:13:15 hazemzz-Lenovo-Z51-70 kernel: [    2.316018] pci 0000:00:1c.3: PME# supported from D0 D3hot D3cold
Aug 17 23:13:15 hazemzz-Lenovo-Z51-70 kernel: [    2.316224] pci 0000:00:1c.3: System wakeup disabled by ACPI
Aug 17 23:13:15 hazemzz-Lenovo-Z51-70 bluetoothd[2668]: message repeated 2 times: [ Not enough free handles to register service]
Aug 17 23:13:15 hazemzz-Lenovo-Z51-70 bluetoothd[2668]: Current Time Service could not be registered
Aug 17 23:13:15 hazemzz-Lenovo-Z51-70 bluetoothd[2668]: gatt-time-server: Input/output error (5)
Aug 17 23:13:15 hazemzz-Lenovo-Z51-70 bluetoothd[2668]: Not enough free handles to register service
Aug 17 23:13:15 hazemzz-Lenovo-Z51-70 bluetoothd[2668]: Not enough free handles to register service
Aug 17 23:13:15 hazemzz-Lenovo-Z51-70 bluetoothd[2668]: Sap driver initialization failed.
Aug 17 23:13:15 hazemzz-Lenovo-Z51-70 bluetoothd[2668]: sap-server: Operation not permitted (1)
Aug 17 23:13:15 hazemzz-Lenovo-Z51-70 kernel: [    2.316257] pci 0000:00:1c.4: [8086:9c98] type 01 class 0x060400
Aug 17 23:13:15 hazemzz-Lenovo-Z51-70 kernel: [    2.316314] pci 0000:00:1c.4: PME# supported from D0 D3hot D3cold
Aug 17 23:13:15 hazemzz-Lenovo-Z51-70 kernel: [    2.316532] pci 0000:00:1c.4: System wakeup disabled by ACPI
Aug 17 23:13:15 hazemzz-Lenovo-Z51-70 kernel: [    2.316569] pci 0000:00:1d.0: [8086:9ca6] type 00 class 0x0c0320
Aug 17 23:13:15 hazemzz-Lenovo-Z51-70 kernel: [    2.316785] pci 0000:00:1d.0: reg 0x10: [mem 0xd1319000-0xd13193ff]
Aug 17 23:13:15 hazemzz-Lenovo-Z51-70 kernel: [    2.317977] pci 0000:00:1d.0: PME# supported from D0 D3hot D3cold
Aug 17 23:13:15 hazemzz-Lenovo-Z51-70 kernel: [    2.318170] pci 0000:00:1d.0: System wakeup disabled by ACPI
Aug 17 23:13:15 hazemzz-Lenovo-Z51-70 kernel: [    2.318206] pci 0000:00:1f.0: [8086:9cc3] type 00 class 0x060100
Aug 17 23:13:15 hazemzz-Lenovo-Z51-70 kernel: [    2.318513] pci 0000:00:1f.2: [8086:9c83] type 00 class 0x010601
Aug 17 23:13:15 hazemzz-Lenovo-Z51-70 kernel: [    2.318530] pci 0000:00:1f.2: reg 0x10: [io  0x5088-0x508f]
Aug 17 23:13:15 hazemzz-Lenovo-Z51-70 kernel: [    2.318537] pci 0000:00:1f.2: reg 0x14: [io  0x5094-0x5097]
Aug 17 23:13:15 hazemzz-Lenovo-Z51-70 kernel: [    2.318543] pci 0000:00:1f.2: reg 0x18: [io  0x5080-0x5087]
Aug 17 23:13:15 hazemzz-Lenovo-Z51-70 kernel: [    2.318549] pci 0000:00:1f.2: reg 0x1c: [io  0x5090-0x5093]
Aug 17 23:13:15 hazemzz-Lenovo-Z51-70 kernel: [    2.318555] pci 0000:00:1f.2: reg 0x20: [io  0x5060-0x507f]
Aug 17 23:13:15 hazemzz-Lenovo-Z51-70 kernel: [    2.318561] pci 0000:00:1f.2: reg 0x24: [mem 0xd1318000-0xd13187ff]
Aug 17 23:13:15 hazemzz-Lenovo-Z51-70 kernel: [    2.318586] pci 0000:00:1f.2: PME# supported from D3hot
Aug 17 23:13:15 hazemzz-Lenovo-Z51-70 kernel: [    2.318791] pci 0000:00:1f.3: [8086:9ca2] type 00 class 0x0c0500
Aug 17 23:13:15 hazemzz-Lenovo-Z51-70 kernel: [    2.318805] pci 0000:00:1f.3: reg 0x10: [mem 0xd131a000-0xd131a0ff 64bit]
Aug 17 23:13:15 hazemzz-Lenovo-Z51-70 kernel: [    2.318822] pci 0000:00:1f.3: reg 0x20: [io  0x5040-0x505f]
Aug 17 23:13:15 hazemzz-Lenovo-Z51-70 kernel: [    2.319076] pci 0000:00:1c.0: PCI bridge to [bus 01]
Aug 17 23:13:15 hazemzz-Lenovo-Z51-70 kernel: [    2.319134] pci 0000:02:00.0: [10ec:8168] type 00 class 0x020000
Aug 17 23:13:15 hazemzz-Lenovo-Z51-70 kernel: [    2.319171] pci 0000:02:00.0: reg 0x10: [io  0x4000-0x40ff]
Aug 17 23:13:15 hazemzz-Lenovo-Z51-70 kernel: [    2.319198] pci 0000:02:00.0: reg 0x18: [mem 0xd1204000-0xd1204fff 64bit]
Aug 17 23:13:15 hazemzz-Lenovo-Z51-70 kernel: [    2.319215] pci 0000:02:00.0: reg 0x20: [mem 0xd1200000-0xd1203fff 64bit]
Aug 17 23:13:15 hazemzz-Lenovo-Z51-70 kernel: [    2.319282] pci 0000:02:00.0: supports D1 D2
Aug 17 23:13:15 hazemzz-Lenovo-Z51-70 kernel: [    2.319284] pci 0000:02:00.0: PME# supported from D0 D1 D2 D3hot D3cold
Aug 17 23:13:15 hazemzz-Lenovo-Z51-70 kernel: [    2.324516] pci 0000:00:1c.2: PCI bridge to [bus 02]
Aug 17 23:13:15 hazemzz-Lenovo-Z51-70 kernel: [    2.324519] pci 0000:00:1c.2:   bridge window [io  0x4000-0x4fff]
Aug 17 23:13:15 hazemzz-Lenovo-Z51-70 kernel: [    2.324522] pci 0000:00:1c.2:   bridge window [mem 0xd1200000-0xd12fffff]
Aug 17 23:13:15 hazemzz-Lenovo-Z51-70 kernel: [    2.324736] pci 0000:03:00.0: [8086:08b4] type 00 class 0x028000
Aug 17 23:13:15 hazemzz-Lenovo-Z51-70 kernel: [    2.324845] pci 0000:03:00.0: reg 0x10: [mem 0xd1100000-0xd1101fff 64bit]
Aug 17 23:13:15 hazemzz-Lenovo-Z51-70 kernel: [    2.325099] pci 0000:03:00.0: PME# supported from D0 D3hot D3cold
Aug 17 23:13:15 hazemzz-Lenovo-Z51-70 kernel: [    2.325212] pci 0000:03:00.0: System wakeup disabled by ACPI
Aug 17 23:13:15 hazemzz-Lenovo-Z51-70 kernel: [    2.332683] pci 0000:00:1c.3: PCI bridge to [bus 03]
Aug 17 23:13:15 hazemzz-Lenovo-Z51-70 kernel: [    2.332688] pci 0000:00:1c.3:   bridge window [mem 0xd1100000-0xd11fffff]
Aug 17 23:13:15 hazemzz-Lenovo-Z51-70 kernel: [    2.332747] pci 0000:04:00.0: [1002:6820] type 00 class 0x038000
Aug 17 23:13:15 hazemzz-Lenovo-Z51-70 kernel: [    2.332780] pci 0000:04:00.0: reg 0x10: [mem 0xb0000000-0xbfffffff 64bit pref]
Aug 17 23:13:15 hazemzz-Lenovo-Z51-70 kernel: [    2.332793] pci 0000:04:00.0: reg 0x18: [mem 0xd1000000-0xd103ffff 64bit]
Aug 17 23:13:15 hazemzz-Lenovo-Z51-70 kernel: [    2.332801] pci 0000:04:00.0: reg 0x20: [io  0x3000-0x30ff]
Aug 17 23:13:15 hazemzz-Lenovo-Z51-70 kernel: [    2.332818] pci 0000:04:00.0: reg 0x30: [mem 0xfffe0000-0xffffffff pref]
Aug 17 23:13:15 hazemzz-Lenovo-Z51-70 kernel: [    2.332857] pci 0000:04:00.0: supports D1 D2
Aug 17 23:13:15 hazemzz-Lenovo-Z51-70 kernel: [    2.332859] pci 0000:04:00.0: PME# supported from D1 D2 D3hot
Aug 17 23:13:15 hazemzz-Lenovo-Z51-70 kernel: [    2.332887] pci 0000:04:00.0: System wakeup disabled by ACPI
Aug 17 23:13:15 hazemzz-Lenovo-Z51-70 kernel: [    2.340552] pci 0000:00:1c.4: PCI bridge to [bus 04]
Aug 17 23:13:15 hazemzz-Lenovo-Z51-70 kernel: [    2.340554] pci 0000:00:1c.4:   bridge window [io  0x3000-0x3fff]
Aug 17 23:13:15 hazemzz-Lenovo-Z51-70 kernel: [    2.340557] pci 0000:00:1c.4:   bridge window [mem 0xd1000000-0xd10fffff]
Aug 17 23:13:15 hazemzz-Lenovo-Z51-70 kernel: [    2.340561] pci 0000:00:1c.4:   bridge window [mem 0xb0000000-0xbfffffff 64bit pref]
Aug 17 23:13:15 hazemzz-Lenovo-Z51-70 kernel: [    2.364885] ACPI: PCI Interrupt Link [LNKA] (IRQs 3 4 5 6 10 11 12 14 15) *7
Aug 17 23:13:15 hazemzz-Lenovo-Z51-70 kernel: [    2.364929] ACPI: PCI Interrupt Link [LNKB] (IRQs 3 4 5 6 *10 11 12 14 15)
Aug 17 23:13:15 hazemzz-Lenovo-Z51-70 kernel: [    2.364971] ACPI: PCI Interrupt Link [LNKC] (IRQs 3 4 5 6 10 *11 12 14 15)
Aug 17 23:13:15 hazemzz-Lenovo-Z51-70 kernel: [    2.365011] ACPI: PCI Interrupt Link [LNKD] (IRQs 3 4 5 6 *10 11 12 14 15)
Aug 17 23:13:15 hazemzz-Lenovo-Z51-70 kernel: [    2.365051] ACPI: PCI Interrupt Link [LNKE] (IRQs 3 4 5 6 10 11 12 14 15) *0, disabled.
Aug 17 23:13:15 hazemzz-Lenovo-Z51-70 kernel: [    2.365092] ACPI: PCI Interrupt Link [LNKF] (IRQs 3 4 5 6 10 11 12 14 15) *0, disabled.
Aug 17 23:13:15 hazemzz-Lenovo-Z51-70 kernel: [    2.365132] ACPI: PCI Interrupt Link [LNKG] (IRQs 3 4 5 6 10 *11 12 14 15)
Aug 17 23:13:15 hazemzz-Lenovo-Z51-70 kernel: [    2.365172] ACPI: PCI Interrupt Link [LNKH] (IRQs 3 4 5 6 10 11 12 14 15) *7
Aug 17 23:13:15 hazemzz-Lenovo-Z51-70 kernel: [    2.365431] ACPI: Enabled 4 GPEs in block 00 to 7F
Aug 17 23:13:15 hazemzz-Lenovo-Z51-70 kernel: [    2.365459] ACPI : EC: GPE = 0x27, I/O: command/status = 0x66, data = 0x62
Aug 17 23:13:15 hazemzz-Lenovo-Z51-70 kernel: [    2.365554] vgaarb: setting as boot device: PCI:0000:00:02.0
Aug 17 23:13:15 hazemzz-Lenovo-Z51-70 kernel: [    2.365556] vgaarb: device added: PCI:0000:00:02.0,decodes=io+mem,owns=io+mem,locks=none
Aug 17 23:13:15 hazemzz-Lenovo-Z51-70 kernel: [    2.365559] vgaarb: loaded
Aug 17 23:13:15 hazemzz-Lenovo-Z51-70 kernel: [    2.365560] vgaarb: bridge control possible 0000:00:02.0
Aug 17 23:13:15 hazemzz-Lenovo-Z51-70 kernel: [    2.365789] SCSI subsystem initialized
Aug 17 23:13:15 hazemzz-Lenovo-Z51-70 kernel: [    2.365829] libata version 3.00 loaded.
Aug 17 23:13:15 hazemzz-Lenovo-Z51-70 kernel: [    2.365847] ACPI: bus type USB registered
Aug 17 23:13:15 hazemzz-Lenovo-Z51-70 kernel: [    2.365861] usbcore: registered new interface driver usbfs
Aug 17 23:13:15 hazemzz-Lenovo-Z51-70 kernel: [    2.365869] usbcore: registered new interface driver hub
Aug 17 23:13:15 hazemzz-Lenovo-Z51-70 kernel: [    2.365883] usbcore: registered new device driver usb
Aug 17 23:13:15 hazemzz-Lenovo-Z51-70 kernel: [    2.366002] PCI: Using ACPI for IRQ routing
Aug 17 23:13:15 hazemzz-Lenovo-Z51-70 kernel: [    2.371071] PCI: pci_cache_line_size set to 64 bytes
Aug 17 23:13:15 hazemzz-Lenovo-Z51-70 kernel: [    2.371403] e820: reserve RAM buffer [mem 0x0009e800-0x0009ffff]
Aug 17 23:13:15 hazemzz-Lenovo-Z51-70 kernel: [    2.371405] e820: reserve RAM buffer [mem 0x8683e000-0x87ffffff]
Aug 17 23:13:15 hazemzz-Lenovo-Z51-70 kernel: [    2.371406] e820: reserve RAM buffer [mem 0x9c853000-0x9fffffff]
Aug 17 23:13:15 hazemzz-Lenovo-Z51-70 kernel: [    2.371407] e820: reserve RAM buffer [mem 0x9d000000-0x9fffffff]
Aug 17 23:13:15 hazemzz-Lenovo-Z51-70 kernel: [    2.371408] e820: reserve RAM buffer [mem 0x25f000000-0x25fffffff]
Aug 17 23:13:15 hazemzz-Lenovo-Z51-70 kernel: [    2.371510] NetLabel: Initializing
Aug 17 23:13:15 hazemzz-Lenovo-Z51-70 kernel: [    2.371512] NetLabel:  domain hash size = 128
Aug 17 23:13:15 hazemzz-Lenovo-Z51-70 kernel: [    2.371512] NetLabel:  protocols = UNLABELED CIPSOv4
Aug 17 23:13:15 hazemzz-Lenovo-Z51-70 kernel: [    2.371523] NetLabel:  unlabeled traffic allowed by default
Aug 17 23:13:15 hazemzz-Lenovo-Z51-70 kernel: [    2.371585] hpet0: at MMIO 0xfed00000, IRQs 2, 8, 0, 0, 0, 0, 0, 0
Aug 17 23:13:15 hazemzz-Lenovo-Z51-70 kernel: [    2.371589] hpet0: 8 comparators, 64-bit 14.318180 MHz counter
Aug 17 23:13:15 hazemzz-Lenovo-Z51-70 kernel: [    2.373612] clocksource: Switched to clocksource hpet
Aug 17 23:13:15 hazemzz-Lenovo-Z51-70 kernel: [    2.379339] AppArmor: AppArmor Filesystem Enabled
Aug 17 23:13:15 hazemzz-Lenovo-Z51-70 kernel: [    2.379403] pnp: PnP ACPI init
Aug 17 23:13:15 hazemzz-Lenovo-Z51-70 kernel: [    2.379571] system 00:00: [io  0x0680-0x069f] has been reserved
Aug 17 23:13:15 hazemzz-Lenovo-Z51-70 kernel: [    2.379574] system 00:00: [io  0xfd40-0xfd6f] has been reserved
Aug 17 23:13:15 hazemzz-Lenovo-Z51-70 kernel: [    2.379575] system 00:00: [io  0xffff] has been reserved
Aug 17 23:13:15 hazemzz-Lenovo-Z51-70 kernel: [    2.379577] system 00:00: [io  0xffff] has been reserved
Aug 17 23:13:15 hazemzz-Lenovo-Z51-70 kernel: [    2.379578] system 00:00: [io  0xffff] has been reserved
Aug 17 23:13:15 hazemzz-Lenovo-Z51-70 kernel: [    2.379580] system 00:00: [io  0x1800-0x18fe] could not be reserved
Aug 17 23:13:15 hazemzz-Lenovo-Z51-70 kernel: [    2.379581] system 00:00: [io  0x164e-0x164f] has been reserved
Aug 17 23:13:15 hazemzz-Lenovo-Z51-70 kernel: [    2.379585] system 00:00: Plug and Play ACPI device, IDs PNP0c02 (active)
Aug 17 23:13:15 hazemzz-Lenovo-Z51-70 kernel: [    2.379627] pnp 00:01: Plug and Play ACPI device, IDs PNP0b00 (active)
Aug 17 23:13:15 hazemzz-Lenovo-Z51-70 kernel: [    2.379663] system 00:02: [io  0x1854-0x1857] has been reserved
Aug 17 23:13:15 hazemzz-Lenovo-Z51-70 kernel: [    2.379665] system 00:02: Plug and Play ACPI device, IDs INT3f0d PNP0c02 (active)
Aug 17 23:13:15 hazemzz-Lenovo-Z51-70 kernel: [    2.379688] pnp 00:03: Plug and Play ACPI device, IDs PNP0303 (active)
Aug 17 23:13:15 hazemzz-Lenovo-Z51-70 kernel: [    2.379737] pnp 00:04: Plug and Play ACPI device, IDs SYN2b39 SYN2b00 SYN0002 PNP0f13 (active)
Aug 17 23:13:15 hazemzz-Lenovo-Z51-70 kernel: [    2.401970] system 00:05: Plug and Play ACPI device, IDs PNP0c02 (active)
Aug 17 23:13:15 hazemzz-Lenovo-Z51-70 kernel: [    2.402243] system 00:06: [mem 0xfed1c000-0xfed1ffff] has been reserved
Aug 17 23:13:15 hazemzz-Lenovo-Z51-70 kernel: [    2.402244] system 00:06: [mem 0xfed10000-0xfed17fff] has been reserved
Aug 17 23:13:15 hazemzz-Lenovo-Z51-70 kernel: [    2.402246] system 00:06: [mem 0xfed18000-0xfed18fff] has been reserved
Aug 17 23:13:15 hazemzz-Lenovo-Z51-70 kernel: [    2.402247] system 00:06: [mem 0xfed19000-0xfed19fff] has been reserved
Aug 17 23:13:15 hazemzz-Lenovo-Z51-70 kernel: [    2.402249] system 00:06: [mem 0xe0000000-0xefffffff] has been reserved
Aug 17 23:13:15 hazemzz-Lenovo-Z51-70 kernel: [    2.402251] system 00:06: [mem 0xfed20000-0xfed3ffff] has been reserved
Aug 17 23:13:15 hazemzz-Lenovo-Z51-70 kernel: [    2.402252] system 00:06: [mem 0xfed90000-0xfed93fff] could not be reserved
Aug 17 23:13:15 hazemzz-Lenovo-Z51-70 kernel: [    2.402254] system 00:06: [mem 0xfed45000-0xfed8ffff] has been reserved
Aug 17 23:13:15 hazemzz-Lenovo-Z51-70 kernel: [    2.402255] system 00:06: [mem 0xff000000-0xff000fff] has been reserved
Aug 17 23:13:15 hazemzz-Lenovo-Z51-70 kernel: [    2.402257] system 00:06: [mem 0xff010000-0xffffffff] could not be reserved
Aug 17 23:13:15 hazemzz-Lenovo-Z51-70 kernel: [    2.402259] system 00:06: [mem 0xfee00000-0xfeefffff] could not be reserved
Aug 17 23:13:15 hazemzz-Lenovo-Z51-70 kernel: [    2.402260] system 00:06: [mem 0xa0010000-0xa001ffff] has been reserved
Aug 17 23:13:15 hazemzz-Lenovo-Z51-70 kernel: [    2.402262] system 00:06: [mem 0xa0000000-0xa000ffff] has been reserved
Aug 17 23:13:15 hazemzz-Lenovo-Z51-70 kernel: [    2.402264] system 00:06: Plug and Play ACPI device, IDs PNP0c02 (active)
Aug 17 23:13:15 hazemzz-Lenovo-Z51-70 kernel: [    2.402412] pnp: PnP ACPI: found 7 devices
Aug 17 23:13:15 hazemzz-Lenovo-Z51-70 kernel: [    2.408407] clocksource: acpi_pm: mask: 0xffffff max_cycles: 0xffffff, max_idle_ns: 2085701024 ns
Aug 17 23:13:15 hazemzz-Lenovo-Z51-70 kernel: [    2.408415] pci 0000:04:00.0: can't claim BAR 6 [mem 0xfffe0000-0xffffffff pref]: no compatible bridge window
Aug 17 23:13:15 hazemzz-Lenovo-Z51-70 kernel: [    2.408424] pci 0000:00:1c.0: bridge window [io  0x1000-0x0fff] to [bus 01] add_size 1000
Aug 17 23:13:15 hazemzz-Lenovo-Z51-70 kernel: [    2.408427] pci 0000:00:1c.0: bridge window [mem 0x00100000-0x000fffff 64bit pref] to [bus 01] add_size 200000 add_align 100000
Aug 17 23:13:15 hazemzz-Lenovo-Z51-70 kernel: [    2.408428] pci 0000:00:1c.0: bridge window [mem 0x00100000-0x000fffff] to [bus 01] add_size 200000 add_align 100000
Aug 17 23:13:15 hazemzz-Lenovo-Z51-70 kernel: [    2.408448] pci 0000:00:1c.0: res[14]=[mem 0x00100000-0x000fffff] res_to_dev_res add_size 200000 min_align 100000
Aug 17 23:13:15 hazemzz-Lenovo-Z51-70 kernel: [    2.408449] pci 0000:00:1c.0: res[14]=[mem 0x00100000-0x002fffff] res_to_dev_res add_size 200000 min_align 100000
Aug 17 23:13:15 hazemzz-Lenovo-Z51-70 kernel: [    2.408451] pci 0000:00:1c.0: res[15]=[mem 0x00100000-0x000fffff 64bit pref] res_to_dev_res add_size 200000 min_align 100000
Aug 17 23:13:15 hazemzz-Lenovo-Z51-70 kernel: [    2.408453] pci 0000:00:1c.0: res[15]=[mem 0x00100000-0x002fffff 64bit pref] res_to_dev_res add_size 200000 min_align 100000
Aug 17 23:13:15 hazemzz-Lenovo-Z51-70 kernel: [    2.408454] pci 0000:00:1c.0: res[13]=[io  0x1000-0x0fff] res_to_dev_res add_size 1000 min_align 1000
Aug 17 23:13:15 hazemzz-Lenovo-Z51-70 kernel: [    2.408456] pci 0000:00:1c.0: res[13]=[io  0x1000-0x1fff] res_to_dev_res add_size 1000 min_align 1000
Aug 17 23:13:15 hazemzz-Lenovo-Z51-70 kernel: [    2.408459] pci 0000:00:1c.0: BAR 14: assigned [mem 0xa0100000-0xa02fffff]
Aug 17 23:13:15 hazemzz-Lenovo-Z51-70 kernel: [    2.408464] pci 0000:00:1c.0: BAR 15: assigned [mem 0xa0300000-0xa04fffff 64bit pref]
Aug 17 23:13:15 hazemzz-Lenovo-Z51-70 kernel: [    2.408466] pci 0000:00:1c.0: BAR 13: assigned [io  0x2000-0x2fff]
Aug 17 23:13:15 hazemzz-Lenovo-Z51-70 kernel: [    2.408468] pci 0000:00:1c.0: PCI bridge to [bus 01]
Aug 17 23:13:15 hazemzz-Lenovo-Z51-70 kernel: [    2.408470] pci 0000:00:1c.0:   bridge window [io  0x2000-0x2fff]
Aug 17 23:13:15 hazemzz-Lenovo-Z51-70 kernel: [    2.408474] pci 0000:00:1c.0:   bridge window [mem 0xa0100000-0xa02fffff]
Aug 17 23:13:15 hazemzz-Lenovo-Z51-70 kernel: [    2.408477] pci 0000:00:1c.0:   bridge window [mem 0xa0300000-0xa04fffff 64bit pref]
Aug 17 23:13:15 hazemzz-Lenovo-Z51-70 kernel: [    2.408482] pci 0000:00:1c.2: PCI bridge to [bus 02]
Aug 17 23:13:15 hazemzz-Lenovo-Z51-70 kernel: [    2.408484] pci 0000:00:1c.2:   bridge window [io  0x4000-0x4fff]
Aug 17 23:13:15 hazemzz-Lenovo-Z51-70 kernel: [    2.408488] pci 0000:00:1c.2:   bridge window [mem 0xd1200000-0xd12fffff]
Aug 17 23:13:15 hazemzz-Lenovo-Z51-70 kernel: [    2.408494] pci 0000:00:1c.3: PCI bridge to [bus 03]
Aug 17 23:13:15 hazemzz-Lenovo-Z51-70 kernel: [    2.408497] pci 0000:00:1c.3:   bridge window [mem 0xd1100000-0xd11fffff]
Aug 17 23:13:15 hazemzz-Lenovo-Z51-70 kernel: [    2.408505] pci 0000:04:00.0: BAR 6: assigned [mem 0xd1040000-0xd105ffff pref]
Aug 17 23:13:15 hazemzz-Lenovo-Z51-70 kernel: [    2.408506] pci 0000:00:1c.4: PCI bridge to [bus 04]
Aug 17 23:13:15 hazemzz-Lenovo-Z51-70 kernel: [    2.408508] pci 0000:00:1c.4:   bridge window [io  0x3000-0x3fff]
Aug 17 23:13:15 hazemzz-Lenovo-Z51-70 kernel: [    2.408512] pci 0000:00:1c.4:   bridge window [mem 0xd1000000-0xd10fffff]
Aug 17 23:13:15 hazemzz-Lenovo-Z51-70 kernel: [    2.408515] pci 0000:00:1c.4:   bridge window [mem 0xb0000000-0xbfffffff 64bit pref]
Aug 17 23:13:15 hazemzz-Lenovo-Z51-70 kernel: [    2.408520] pci_bus 0000:00: resource 4 [io  0x0000-0x0cf7 window]
Aug 17 23:13:15 hazemzz-Lenovo-Z51-70 kernel: [    2.408522] pci_bus 0000:00: resource 5 [io  0x0d00-0xffff window]
Aug 17 23:13:15 hazemzz-Lenovo-Z51-70 kernel: [    2.408523] pci_bus 0000:00: resource 6 [mem 0x000a0000-0x000bffff window]
Aug 17 23:13:15 hazemzz-Lenovo-Z51-70 kernel: [    2.408525] pci_bus 0000:00: resource 7 [mem 0xa0000000-0xfeafffff window]
Aug 17 23:13:15 hazemzz-Lenovo-Z51-70 kernel: [    2.408526] pci_bus 0000:01: resource 0 [io  0x2000-0x2fff]
Aug 17 23:13:15 hazemzz-Lenovo-Z51-70 kernel: [    2.408527] pci_bus 0000:01: resource 1 [mem 0xa0100000-0xa02fffff]
Aug 17 23:13:15 hazemzz-Lenovo-Z51-70 kernel: [    2.408529] pci_bus 0000:01: resource 2 [mem 0xa0300000-0xa04fffff 64bit pref]
Aug 17 23:13:15 hazemzz-Lenovo-Z51-70 kernel: [    2.408530] pci_bus 0000:02: resource 0 [io  0x4000-0x4fff]
Aug 17 23:13:15 hazemzz-Lenovo-Z51-70 kernel: [    2.408532] pci_bus 0000:02: resource 1 [mem 0xd1200000-0xd12fffff]
Aug 17 23:13:15 hazemzz-Lenovo-Z51-70 kernel: [    2.408533] pci_bus 0000:03: resource 1 [mem 0xd1100000-0xd11fffff]
Aug 17 23:13:15 hazemzz-Lenovo-Z51-70 kernel: [    2.408535] pci_bus 0000:04: resource 0 [io  0x3000-0x3fff]
Aug 17 23:13:15 hazemzz-Lenovo-Z51-70 kernel: [    2.408536] pci_bus 0000:04: resource 1 [mem 0xd1000000-0xd10fffff]
Aug 17 23:13:15 hazemzz-Lenovo-Z51-70 kernel: [    2.408537] pci_bus 0000:04: resource 2 [mem 0xb0000000-0xbfffffff 64bit pref]
Aug 17 23:13:15 hazemzz-Lenovo-Z51-70 kernel: [    2.408567] NET: Registered protocol family 2
Aug 17 23:13:15 hazemzz-Lenovo-Z51-70 kernel: [    2.408716] TCP established hash table entries: 65536 (order: 7, 524288 bytes)
Aug 17 23:13:15 hazemzz-Lenovo-Z51-70 kernel: [    2.408835] TCP bind hash table entries: 65536 (order: 8, 1048576 bytes)
Aug 17 23:13:15 hazemzz-Lenovo-Z51-70 kernel: [    2.408992] TCP: Hash tables configured (established 65536 bind 65536)
Aug 17 23:13:15 hazemzz-Lenovo-Z51-70 kernel: [    2.409017] UDP hash table entries: 4096 (order: 5, 131072 bytes)
Aug 17 23:13:15 hazemzz-Lenovo-Z51-70 kernel: [    2.409041] UDP-Lite hash table entries: 4096 (order: 5, 131072 bytes)
Aug 17 23:13:15 hazemzz-Lenovo-Z51-70 kernel: [    2.409096] NET: Registered protocol family 1
Aug 17 23:13:15 hazemzz-Lenovo-Z51-70 kernel: [    2.409110] pci 0000:00:02.0: Video device with shadowed ROM
Aug 17 23:13:15 hazemzz-Lenovo-Z51-70 kernel: [    2.409181] pci 0000:00:14.0: can't derive routing for PCI INT A
Aug 17 23:13:15 hazemzz-Lenovo-Z51-70 kernel: [    2.409183] pci 0000:00:14.0: PCI INT A: no GSI
Aug 17 23:13:15 hazemzz-Lenovo-Z51-70 kernel: [    2.425858] PCI: CLS 64 bytes, default 64
Aug 17 23:13:15 hazemzz-Lenovo-Z51-70 kernel: [    2.425899] Trying to unpack rootfs image as initramfs...
Aug 17 23:13:15 hazemzz-Lenovo-Z51-70 kernel: [    2.958104] Freeing initrd memory: 35320K (ffff880033af4000 - ffff880035d72000)
Aug 17 23:13:15 hazemzz-Lenovo-Z51-70 kernel: [    2.958169] PCI-DMA: Using software bounce buffering for IO (SWIOTLB)
Aug 17 23:13:15 hazemzz-Lenovo-Z51-70 kernel: [    2.958172] software IO TLB [mem 0x98853000-0x9c853000] (64MB) mapped at [ffff880098853000-ffff88009c852fff]
Aug 17 23:13:15 hazemzz-Lenovo-Z51-70 kernel: [    2.958230] RAPL PMU detected, API unit is 2^-32 Joules, 4 fixed counters 655360 ms ovfl timer
Aug 17 23:13:15 hazemzz-Lenovo-Z51-70 kernel: [    2.958231] hw unit of domain pp0-core 2^-14 Joules
Aug 17 23:13:15 hazemzz-Lenovo-Z51-70 kernel: [    2.958232] hw unit of domain package 2^-14 Joules
Aug 17 23:13:15 hazemzz-Lenovo-Z51-70 kernel: [    2.958233] hw unit of domain dram 2^-14 Joules
Aug 17 23:13:15 hazemzz-Lenovo-Z51-70 kernel: [    2.958234] hw unit of domain pp1-gpu 2^-14 Joules
Aug 17 23:13:15 hazemzz-Lenovo-Z51-70 kernel: [    2.958365] Scanning for low memory corruption every 60 seconds
Aug 17 23:13:15 hazemzz-Lenovo-Z51-70 kernel: [    2.958698] futex hash table entries: 2048 (order: 5, 131072 bytes)
Aug 17 23:13:15 hazemzz-Lenovo-Z51-70 kernel: [    2.958738] audit: initializing netlink subsys (disabled)
Aug 17 23:13:15 hazemzz-Lenovo-Z51-70 kernel: [    2.958753] audit: type=2000 audit(1471468379.852:1): initialized
Aug 17 23:13:15 hazemzz-Lenovo-Z51-70 kernel: [    2.959181] Initialise system trusted keyring
Aug 17 23:13:15 hazemzz-Lenovo-Z51-70 kernel: [    2.959270] HugeTLB registered 1 GB page size, pre-allocated 0 pages
Aug 17 23:13:15 hazemzz-Lenovo-Z51-70 kernel: [    2.959272] HugeTLB registered 2 MB page size, pre-allocated 0 pages
Aug 17 23:13:15 hazemzz-Lenovo-Z51-70 kernel: [    2.960637] zbud: loaded
Aug 17 23:13:15 hazemzz-Lenovo-Z51-70 kernel: [    2.960824] VFS: Disk quotas dquot_6.6.0
Aug 17 23:13:15 hazemzz-Lenovo-Z51-70 kernel: [    2.960854] VFS: Dquot-cache hash table entries: 512 (order 0, 4096 bytes)
Aug 17 23:13:15 hazemzz-Lenovo-Z51-70 kernel: [    2.961101] squashfs: version 4.0 (2009/01/31) Phillip Lougher
Aug 17 23:13:15 hazemzz-Lenovo-Z51-70 kernel: [    2.961312] fuse init (API version 7.23)
Aug 17 23:13:15 hazemzz-Lenovo-Z51-70 kernel: [    2.961432] Key type big_key registered
Aug 17 23:13:15 hazemzz-Lenovo-Z51-70 kernel: [    2.961458] Allocating IMA MOK and blacklist keyrings.
Aug 17 23:13:15 hazemzz-Lenovo-Z51-70 kernel: [    2.961782] Key type asymmetric registered
Aug 17 23:13:15 hazemzz-Lenovo-Z51-70 kernel: [    2.961785] Asymmetric key parser 'x509' registered
Aug 17 23:13:15 hazemzz-Lenovo-Z51-70 kernel: [    2.961815] Block layer SCSI generic (bsg) driver version 0.4 loaded (major 249)
Aug 17 23:13:15 hazemzz-Lenovo-Z51-70 kernel: [    2.961841] io scheduler noop registered
Aug 17 23:13:15 hazemzz-Lenovo-Z51-70 kernel: [    2.961843] io scheduler deadline registered (default)
Aug 17 23:13:15 hazemzz-Lenovo-Z51-70 kernel: [    2.961869] io scheduler cfq registered
Aug 17 23:13:15 hazemzz-Lenovo-Z51-70 kernel: [    2.962472] pcieport 0000:00:1c.0: Signaling PME through PCIe PME interrupt
Aug 17 23:13:15 hazemzz-Lenovo-Z51-70 kernel: [    2.962476] pcie_pme 0000:00:1c.0:pcie01: service driver pcie_pme loaded
Aug 17 23:13:15 hazemzz-Lenovo-Z51-70 kernel: [    2.962492] pcieport 0000:00:1c.2: Signaling PME through PCIe PME interrupt
Aug 17 23:13:15 hazemzz-Lenovo-Z51-70 kernel: [    2.962493] pci 0000:02:00.0: Signaling PME through PCIe PME interrupt
Aug 17 23:13:15 hazemzz-Lenovo-Z51-70 kernel: [    2.962496] pcie_pme 0000:00:1c.2:pcie01: service driver pcie_pme loaded
Aug 17 23:13:15 hazemzz-Lenovo-Z51-70 kernel: [    2.962511] pcieport 0000:00:1c.3: Signaling PME through PCIe PME interrupt
Aug 17 23:13:15 hazemzz-Lenovo-Z51-70 kernel: [    2.962512] pci 0000:03:00.0: Signaling PME through PCIe PME interrupt
Aug 17 23:13:15 hazemzz-Lenovo-Z51-70 kernel: [    2.962515] pcie_pme 0000:00:1c.3:pcie01: service driver pcie_pme loaded
Aug 17 23:13:15 hazemzz-Lenovo-Z51-70 kernel: [    2.962529] pcieport 0000:00:1c.4: Signaling PME through PCIe PME interrupt
Aug 17 23:13:15 hazemzz-Lenovo-Z51-70 kernel: [    2.962530] pci 0000:04:00.0: Signaling PME through PCIe PME interrupt
Aug 17 23:13:15 hazemzz-Lenovo-Z51-70 kernel: [    2.962533] pcie_pme 0000:00:1c.4:pcie01: service driver pcie_pme loaded
Aug 17 23:13:15 hazemzz-Lenovo-Z51-70 kernel: [    2.962538] pci_hotplug: PCI Hot Plug PCI Core version: 0.5
Aug 17 23:13:15 hazemzz-Lenovo-Z51-70 kernel: [    2.962547] pciehp 0000:00:1c.0:pcie04: Slot #0 AttnBtn- PwrCtrl- MRL- AttnInd- PwrInd- HotPlug+ Surprise+ Interlock- NoCompl+ LLActRep+
Aug 17 23:13:15 hazemzz-Lenovo-Z51-70 kernel: [    2.962571] pciehp 0000:00:1c.0:pcie04: service driver pciehp loaded
Aug 17 23:13:15 hazemzz-Lenovo-Z51-70 kernel: [    2.962574] pciehp: PCI Express Hot Plug Controller Driver version: 0.4
Aug 17 23:13:15 hazemzz-Lenovo-Z51-70 kernel: [    2.962600] vesafb: mode is 1920x1080x32, linelength=7680, pages=0
Aug 17 23:13:15 hazemzz-Lenovo-Z51-70 kernel: [    2.962601] vesafb: scrolling: redraw
Aug 17 23:13:15 hazemzz-Lenovo-Z51-70 kernel: [    2.962602] vesafb: Truecolor: size=8:8:8:8, shift=24:16:8:0
Aug 17 23:13:15 hazemzz-Lenovo-Z51-70 kernel: [    2.962612] vesafb: framebuffer at 0xc0000000, mapped to 0xffffc90001000000, using 8128k, total 8128k
Aug 17 23:13:15 hazemzz-Lenovo-Z51-70 kernel: [    2.962703] Console: switching to colour frame buffer device 240x67
Aug 17 23:13:15 hazemzz-Lenovo-Z51-70 kernel: [    2.962723] fb0: VESA VGA frame buffer device
Aug 17 23:13:15 hazemzz-Lenovo-Z51-70 kernel: [    2.962737] intel_idle: MWAIT substates: 0x11142120
Aug 17 23:13:15 hazemzz-Lenovo-Z51-70 kernel: [    2.962738] intel_idle: v0.4.1 model 0x3D
Aug 17 23:13:15 hazemzz-Lenovo-Z51-70 kernel: [    2.962739] intel_idle: lapic_timer_reliable_states 0xffffffff
Aug 17 23:13:15 hazemzz-Lenovo-Z51-70 kernel: [    2.962993] ACPI: AC Adapter [ACAD] (on-line)
Aug 17 23:13:15 hazemzz-Lenovo-Z51-70 kernel: [    2.963058] input: Lid Switch as /devices/LNXSYSTM:00/LNXSYBUS:00/PNP0A08:00/device:18/PNP0C0D:00/input/input0
Aug 17 23:13:15 hazemzz-Lenovo-Z51-70 kernel: [    2.963074] ACPI: Lid Switch [LID0]
Aug 17 23:13:15 hazemzz-Lenovo-Z51-70 kernel: [    2.963113] input: Power Button as /devices/LNXSYSTM:00/LNXPWRBN:00/input/input1
Aug 17 23:13:15 hazemzz-Lenovo-Z51-70 kernel: [    2.963115] ACPI: Power Button [PWRF]
Aug 17 23:13:15 hazemzz-Lenovo-Z51-70 kernel: [    2.963799] thermal LNXTHERM:00: registered as thermal_zone0
Aug 17 23:13:15 hazemzz-Lenovo-Z51-70 kernel: [    2.963801] ACPI: Thermal Zone [TZ00] (28 C)
Aug 17 23:13:15 hazemzz-Lenovo-Z51-70 kernel: [    2.963911] thermal LNXTHERM:01: registered as thermal_zone1
Aug 17 23:13:15 hazemzz-Lenovo-Z51-70 kernel: [    2.963912] ACPI: Thermal Zone [TZ01] (30 C)
Aug 17 23:13:15 hazemzz-Lenovo-Z51-70 kernel: [    2.963960] GHES: HEST is not enabled!
Aug 17 23:13:15 hazemzz-Lenovo-Z51-70 kernel: [    2.964040] Serial: 8250/16550 driver, 32 ports, IRQ sharing enabled
Aug 17 23:13:15 hazemzz-Lenovo-Z51-70 kernel: [    3.153638] ACPI: Battery Slot [BAT1] (battery present)
Aug 17 23:13:15 hazemzz-Lenovo-Z51-70 kernel: [    3.153905] Linux agpgart interface v0.103
Aug 17 23:13:15 hazemzz-Lenovo-Z51-70 kernel: [    3.156466] brd: module loaded
Aug 17 23:13:15 hazemzz-Lenovo-Z51-70 kernel: [    3.157482] loop: module loaded
Aug 17 23:13:15 hazemzz-Lenovo-Z51-70 kernel: [    3.157683] libphy: Fixed MDIO Bus: probed
Aug 17 23:13:15 hazemzz-Lenovo-Z51-70 kernel: [    3.157685] tun: Universal TUN/TAP device driver, 1.6
Aug 17 23:13:15 hazemzz-Lenovo-Z51-70 kernel: [    3.157686] tun: (C) 1999-2004 Max Krasnyansky <maxk@qualcomm.com>
Aug 17 23:13:15 hazemzz-Lenovo-Z51-70 kernel: [    3.157716] PPP generic driver version 2.4.2
Aug 17 23:13:15 hazemzz-Lenovo-Z51-70 kernel: [    3.157760] ehci_hcd: USB 2.0 'Enhanced' Host Controller (EHCI) Driver
Aug 17 23:13:15 hazemzz-Lenovo-Z51-70 kernel: [    3.157764] ehci-pci: EHCI PCI platform driver
Aug 17 23:13:15 hazemzz-Lenovo-Z51-70 kernel: [    3.157871] ehci-pci 0000:00:1d.0: EHCI Host Controller
Aug 17 23:13:15 hazemzz-Lenovo-Z51-70 kernel: [    3.157876] ehci-pci 0000:00:1d.0: new USB bus registered, assigned bus number 1
Aug 17 23:13:15 hazemzz-Lenovo-Z51-70 kernel: [    3.157886] ehci-pci 0000:00:1d.0: debug port 2
Aug 17 23:13:15 hazemzz-Lenovo-Z51-70 kernel: [    3.161783] ehci-pci 0000:00:1d.0: cache line size of 64 is not supported
Aug 17 23:13:15 hazemzz-Lenovo-Z51-70 kernel: [    3.161795] ehci-pci 0000:00:1d.0: irq 23, io mem 0xd1319000
Aug 17 23:13:15 hazemzz-Lenovo-Z51-70 kernel: [    3.173612] ehci-pci 0000:00:1d.0: USB 2.0 started, EHCI 1.00
Aug 17 23:13:15 hazemzz-Lenovo-Z51-70 kernel: [    3.173644] usb usb1: New USB device found, idVendor=1d6b, idProduct=0002
Aug 17 23:13:15 hazemzz-Lenovo-Z51-70 kernel: [    3.173646] usb usb1: New USB device strings: Mfr=3, Product=2, SerialNumber=1
Aug 17 23:13:15 hazemzz-Lenovo-Z51-70 kernel: [    3.173647] usb usb1: Product: EHCI Host Controller
Aug 17 23:13:15 hazemzz-Lenovo-Z51-70 kernel: [    3.173649] usb usb1: Manufacturer: Linux 4.4.0-31-generic ehci_hcd
Aug 17 23:13:15 hazemzz-Lenovo-Z51-70 kernel: [    3.173650] usb usb1: SerialNumber: 0000:00:1d.0
Aug 17 23:13:15 hazemzz-Lenovo-Z51-70 kernel: [    3.173825] hub 1-0:1.0: USB hub found
Aug 17 23:13:15 hazemzz-Lenovo-Z51-70 kernel: [    3.173830] hub 1-0:1.0: 2 ports detected
Aug 17 23:13:15 hazemzz-Lenovo-Z51-70 kernel: [    3.173940] ehci-platform: EHCI generic platform driver
Aug 17 23:13:15 hazemzz-Lenovo-Z51-70 kernel: [    3.173951] ohci_hcd: USB 1.1 'Open' Host Controller (OHCI) Driver
Aug 17 23:13:15 hazemzz-Lenovo-Z51-70 kernel: [    3.173955] ohci-pci: OHCI PCI platform driver
Aug 17 23:13:15 hazemzz-Lenovo-Z51-70 kernel: [    3.173964] ohci-platform: OHCI generic platform driver
Aug 17 23:13:15 hazemzz-Lenovo-Z51-70 kernel: [    3.173971] uhci_hcd: USB Universal Host Controller Interface driver
Aug 17 23:13:15 hazemzz-Lenovo-Z51-70 kernel: [    3.174061] xhci_hcd 0000:00:14.0: can't derive routing for PCI INT A
Aug 17 23:13:15 hazemzz-Lenovo-Z51-70 kernel: [    3.174063] xhci_hcd 0000:00:14.0: PCI INT A: no GSI
Aug 17 23:13:15 hazemzz-Lenovo-Z51-70 kernel: [    3.174077] xhci_hcd 0000:00:14.0: xHCI Host Controller
Aug 17 23:13:15 hazemzz-Lenovo-Z51-70 kernel: [    3.174081] xhci_hcd 0000:00:14.0: new USB bus registered, assigned bus number 2
Aug 17 23:13:15 hazemzz-Lenovo-Z51-70 kernel: [    3.175144] xhci_hcd 0000:00:14.0: hcc params 0x200077c1 hci version 0x100 quirks 0x00009810
Aug 17 23:13:15 hazemzz-Lenovo-Z51-70 kernel: [    3.175148] xhci_hcd 0000:00:14.0: cache line size of 64 is not supported
Aug 17 23:13:15 hazemzz-Lenovo-Z51-70 kernel: [    3.175211] usb usb2: New USB device found, idVendor=1d6b, idProduct=0002
Aug 17 23:13:15 hazemzz-Lenovo-Z51-70 kernel: [    3.175212] usb usb2: New USB device strings: Mfr=3, Product=2, SerialNumber=1
Aug 17 23:13:15 hazemzz-Lenovo-Z51-70 kernel: [    3.175213] usb usb2: Product: xHCI Host Controller
Aug 17 23:13:15 hazemzz-Lenovo-Z51-70 kernel: [    3.175215] usb usb2: Manufacturer: Linux 4.4.0-31-generic xhci-hcd
Aug 17 23:13:15 hazemzz-Lenovo-Z51-70 kernel: [    3.175216] usb usb2: SerialNumber: 0000:00:14.0
Aug 17 23:13:15 hazemzz-Lenovo-Z51-70 kernel: [    3.175389] hub 2-0:1.0: USB hub found
Aug 17 23:13:15 hazemzz-Lenovo-Z51-70 kernel: [    3.175400] hub 2-0:1.0: 11 ports detected
Aug 17 23:13:15 hazemzz-Lenovo-Z51-70 kernel: [    3.176692] xhci_hcd 0000:00:14.0: xHCI Host Controller
Aug 17 23:13:15 hazemzz-Lenovo-Z51-70 kernel: [    3.176695] xhci_hcd 0000:00:14.0: new USB bus registered, assigned bus number 3
Aug 17 23:13:15 hazemzz-Lenovo-Z51-70 kernel: [    3.176722] usb usb3: New USB device found, idVendor=1d6b, idProduct=0003
Aug 17 23:13:15 hazemzz-Lenovo-Z51-70 kernel: [    3.176724] usb usb3: New USB device strings: Mfr=3, Product=2, SerialNumber=1
Aug 17 23:13:15 hazemzz-Lenovo-Z51-70 kernel: [    3.176725] usb usb3: Product: xHCI Host Controller
Aug 17 23:13:15 hazemzz-Lenovo-Z51-70 kernel: [    3.176726] usb usb3: Manufacturer: Linux 4.4.0-31-generic xhci-hcd
Aug 17 23:13:15 hazemzz-Lenovo-Z51-70 kernel: [    3.176727] usb usb3: SerialNumber: 0000:00:14.0
Aug 17 23:13:15 hazemzz-Lenovo-Z51-70 kernel: [    3.176902] hub 3-0:1.0: USB hub found
Aug 17 23:13:15 hazemzz-Lenovo-Z51-70 kernel: [    3.176909] hub 3-0:1.0: 4 ports detected
Aug 17 23:13:15 hazemzz-Lenovo-Z51-70 kernel: [    3.177423] i8042: PNP: PS/2 Controller [PNP0303:PS2K,PNP0f13:MSS1] at 0x60,0x64 irq 1,12
Aug 17 23:13:15 hazemzz-Lenovo-Z51-70 kernel: [    3.183211] serio: i8042 KBD port at 0x60,0x64 irq 1
Aug 17 23:13:15 hazemzz-Lenovo-Z51-70 kernel: [    3.183215] serio: i8042 AUX port at 0x60,0x64 irq 12
Aug 17 23:13:15 hazemzz-Lenovo-Z51-70 kernel: [    3.183469] mousedev: PS/2 mouse device common for all mice
Aug 17 23:13:15 hazemzz-Lenovo-Z51-70 kernel: [    3.183721] rtc_cmos 00:01: RTC can wake from S4
Aug 17 23:13:15 hazemzz-Lenovo-Z51-70 kernel: [    3.183857] rtc_cmos 00:01: rtc core: registered rtc_cmos as rtc0
Aug 17 23:13:15 hazemzz-Lenovo-Z51-70 kernel: [    3.183884] rtc_cmos 00:01: alarms up to one month, 242 bytes nvram, hpet irqs
Aug 17 23:13:15 hazemzz-Lenovo-Z51-70 kernel: [    3.183892] i2c /dev entries driver
Aug 17 23:13:15 hazemzz-Lenovo-Z51-70 kernel: [    3.183941] device-mapper: uevent: version 1.0.3
Aug 17 23:13:15 hazemzz-Lenovo-Z51-70 kernel: [    3.184017] device-mapper: ioctl: 4.34.0-ioctl (2015-10-28) initialised: dm-devel@redhat.com
Aug 17 23:13:15 hazemzz-Lenovo-Z51-70 kernel: [    3.184033] Intel P-state driver initializing.
Aug 17 23:13:15 hazemzz-Lenovo-Z51-70 kernel: [    3.184187] ledtrig-cpu: registered to indicate activity on CPUs
Aug 17 23:13:15 hazemzz-Lenovo-Z51-70 kernel: [    3.184975] NET: Registered protocol family 10
Aug 17 23:13:15 hazemzz-Lenovo-Z51-70 kernel: [    3.185391] NET: Registered protocol family 17
Aug 17 23:13:15 hazemzz-Lenovo-Z51-70 kernel: [    3.185428] Key type dns_resolver registered
Aug 17 23:13:15 hazemzz-Lenovo-Z51-70 kernel: [    3.185935] microcode: CPU0 sig=0x306d4, pf=0x40, revision=0x1d
Aug 17 23:13:15 hazemzz-Lenovo-Z51-70 kernel: [    3.185957] microcode: CPU1 sig=0x306d4, pf=0x40, revision=0x1d
Aug 17 23:13:15 hazemzz-Lenovo-Z51-70 kernel: [    3.185988] microcode: CPU2 sig=0x306d4, pf=0x40, revision=0x1d
Aug 17 23:13:15 hazemzz-Lenovo-Z51-70 kernel: [    3.186001] microcode: CPU3 sig=0x306d4, pf=0x40, revision=0x1d
Aug 17 23:13:15 hazemzz-Lenovo-Z51-70 kernel: [    3.186082] microcode: Microcode Update Driver: v2.01 <tigran@aivazian.fsnet.co.uk>, Peter Oruba
Aug 17 23:13:15 hazemzz-Lenovo-Z51-70 kernel: [    3.186399] registered taskstats version 1
Aug 17 23:13:15 hazemzz-Lenovo-Z51-70 kernel: [    3.186459] Loading compiled-in X.509 certificates
Aug 17 23:13:15 hazemzz-Lenovo-Z51-70 kernel: [    3.188610] Loaded X.509 cert 'Build time autogenerated kernel key: cfb4d0870811f0d88a3f3259915bd8e83759f99c'
Aug 17 23:13:15 hazemzz-Lenovo-Z51-70 kernel: [    3.188656] zswap: loaded using pool lzo/zbud
Aug 17 23:13:15 hazemzz-Lenovo-Z51-70 kernel: [    3.191195] Key type trusted registered
Aug 17 23:13:15 hazemzz-Lenovo-Z51-70 kernel: [    3.193676] Key type encrypted registered
Aug 17 23:13:15 hazemzz-Lenovo-Z51-70 kernel: [    3.193683] AppArmor: AppArmor sha1 policy hashing enabled
Aug 17 23:13:15 hazemzz-Lenovo-Z51-70 kernel: [    3.193686] ima: No TPM chip found, activating TPM-bypass!
Aug 17 23:13:15 hazemzz-Lenovo-Z51-70 kernel: [    3.193704] evm: HMAC attrs: 0x1
Aug 17 23:13:15 hazemzz-Lenovo-Z51-70 kernel: [    3.194207]   Magic number: 12:685:247
Aug 17 23:13:15 hazemzz-Lenovo-Z51-70 kernel: [    3.194242] acpi device:5d: hash matches
Aug 17 23:13:15 hazemzz-Lenovo-Z51-70 kernel: [    3.194300] rtc_cmos 00:01: setting system clock to 2016-08-17 21:13:03 UTC (1471468383)
Aug 17 23:13:15 hazemzz-Lenovo-Z51-70 kernel: [    3.194378] BIOS EDD facility v0.16 2004-Jun-25, 0 devices found
Aug 17 23:13:15 hazemzz-Lenovo-Z51-70 kernel: [    3.194379] EDD information not available.
Aug 17 23:13:15 hazemzz-Lenovo-Z51-70 kernel: [    3.194431] PM: Hibernation image not present or could not be loaded.
Aug 17 23:13:15 hazemzz-Lenovo-Z51-70 kernel: [    3.195389] Freeing unused kernel memory: 1480K (ffffffff81f42000 - ffffffff820b4000)
Aug 17 23:13:15 hazemzz-Lenovo-Z51-70 kernel: [    3.195391] Write protecting the kernel read-only data: 14336k
Aug 17 23:13:15 hazemzz-Lenovo-Z51-70 kernel: [    3.195817] Freeing unused kernel memory: 1836K (ffff880001835000 - ffff880001a00000)
Aug 17 23:13:15 hazemzz-Lenovo-Z51-70 kernel: [    3.196107] Freeing unused kernel memory: 156K (ffff880001dd9000 - ffff880001e00000)
Aug 17 23:13:15 hazemzz-Lenovo-Z51-70 kernel: [    3.202719] input: AT Translated Set 2 keyboard as /devices/platform/i8042/serio0/input/input2
Aug 17 23:13:15 hazemzz-Lenovo-Z51-70 kernel: [    3.205062] random: systemd-udevd urandom read with 9 bits of entropy available
Aug 17 23:13:15 hazemzz-Lenovo-Z51-70 kernel: [    3.230769] FUJITSU Extended Socket Network Device Driver - version 1.0 - Copyright (c) 2015 FUJITSU LIMITED
Aug 17 23:13:15 hazemzz-Lenovo-Z51-70 kernel: [    3.236812] sdhci: Secure Digital Host Controller Interface driver
Aug 17 23:13:15 hazemzz-Lenovo-Z51-70 kernel: [    3.236814] sdhci: Copyright(c) Pierre Ossman
Aug 17 23:13:15 hazemzz-Lenovo-Z51-70 kernel: [    3.238956] hidraw: raw HID events driver (C) Jiri Kosina
Aug 17 23:13:15 hazemzz-Lenovo-Z51-70 kernel: [    3.275371] wmi: Mapper loaded
Aug 17 23:13:15 hazemzz-Lenovo-Z51-70 kernel: [    3.286745] [drm] Initialized drm 1.1.0 20060810
Aug 17 23:13:15 hazemzz-Lenovo-Z51-70 kernel: [    3.291630] ahci 0000:00:1f.2: version 3.0
Aug 17 23:13:15 hazemzz-Lenovo-Z51-70 kernel: [    3.304292] r8169 Gigabit Ethernet driver 2.3LK-NAPI loaded
Aug 17 23:13:15 hazemzz-Lenovo-Z51-70 kernel: [    3.304304] r8169 0000:02:00.0: can't disable ASPM; OS doesn't have ASPM control
Aug 17 23:13:15 hazemzz-Lenovo-Z51-70 kernel: [    3.305639] ahci 0000:00:1f.2: AHCI 0001.0300 32 slots 4 ports 6 Gbps 0x3 impl SATA mode
Aug 17 23:13:15 hazemzz-Lenovo-Z51-70 kernel: [    3.305643] ahci 0000:00:1f.2: flags: 64bit ncq pm led clo only pio slum part deso sadm sds apst 
Aug 17 23:13:15 hazemzz-Lenovo-Z51-70 kernel: [    3.306874] scsi host0: ahci
Aug 17 23:13:15 hazemzz-Lenovo-Z51-70 kernel: [    3.310861] r8169 0000:02:00.0 eth0: RTL8168h/8111h at 0xffffc90000cba000, f0:76:1c:d4:f7:f0, XID 14100800 IRQ 48
Aug 17 23:13:15 hazemzz-Lenovo-Z51-70 kernel: [    3.310866] r8169 0000:02:00.0 eth0: jumbo features [frames: 9200 bytes, tx checksumming: ko]
Aug 17 23:13:15 hazemzz-Lenovo-Z51-70 kernel: [    3.311451] scsi host1: ahci
Aug 17 23:13:15 hazemzz-Lenovo-Z51-70 kernel: [    3.316153] scsi host2: ahci
Aug 17 23:13:15 hazemzz-Lenovo-Z51-70 kernel: [    3.324054] scsi host3: ahci
Aug 17 23:13:15 hazemzz-Lenovo-Z51-70 kernel: [    3.324133] ata1: SATA max UDMA/133 abar m2048@0xd1318000 port 0xd1318100 irq 47
Aug 17 23:13:15 hazemzz-Lenovo-Z51-70 kernel: [    3.324136] ata2: SATA max UDMA/133 abar m2048@0xd1318000 port 0xd1318180 irq 47
Aug 17 23:13:15 hazemzz-Lenovo-Z51-70 kernel: [    3.324138] ata3: DUMMY
Aug 17 23:13:15 hazemzz-Lenovo-Z51-70 kernel: [    3.324139] ata4: DUMMY
Aug 17 23:13:15 hazemzz-Lenovo-Z51-70 kernel: [    3.327409] [drm] radeon kernel modesetting enabled.
Aug 17 23:13:15 hazemzz-Lenovo-Z51-70 kernel: [    3.327429] vga_switcheroo: detected switching method \_SB_.PCI0.GFX0.ATPX handle
Aug 17 23:13:15 hazemzz-Lenovo-Z51-70 kernel: [    3.330007] [drm] Memory usable by graphics device = 4096M
Aug 17 23:13:15 hazemzz-Lenovo-Z51-70 kernel: [    3.330010] checking generic (c0000000 7f0000) vs hw (c0000000 10000000)
Aug 17 23:13:15 hazemzz-Lenovo-Z51-70 kernel: [    3.330012] fb: switching to inteldrmfb from VESA VGA
Aug 17 23:13:15 hazemzz-Lenovo-Z51-70 kernel: [    3.330038] Console: switching to colour dummy device 80x25
Aug 17 23:13:15 hazemzz-Lenovo-Z51-70 kernel: [    3.330109] [drm] Replacing VGA console driver
Aug 17 23:13:15 hazemzz-Lenovo-Z51-70 kernel: [    3.334025] AMD IOMMUv2 driver by Joerg Roedel <jroedel@suse.de>
Aug 17 23:13:15 hazemzz-Lenovo-Z51-70 kernel: [    3.334028] AMD IOMMUv2 functionality not available on this system
Aug 17 23:13:15 hazemzz-Lenovo-Z51-70 kernel: [    3.335821] [drm] Supports vblank timestamp caching Rev 2 (21.10.2013).
Aug 17 23:13:15 hazemzz-Lenovo-Z51-70 kernel: [    3.335823] [drm] Driver supports precise vblank timestamp query.
Aug 17 23:13:15 hazemzz-Lenovo-Z51-70 kernel: [    3.336433] vgaarb: device changed decodes: PCI:0000:00:02.0,olddecodes=io+mem,decodes=io+mem:owns=io+mem
Aug 17 23:13:15 hazemzz-Lenovo-Z51-70 kernel: [    3.337851] CRAT table not found
Aug 17 23:13:15 hazemzz-Lenovo-Z51-70 kernel: [    3.337854] Finished initializing topology ret=0
Aug 17 23:13:15 hazemzz-Lenovo-Z51-70 kernel: [    3.337890] kfd kfd: Initialized module
Aug 17 23:13:15 hazemzz-Lenovo-Z51-70 kernel: [    3.338101] radeon 0000:04:00.0: enabling device (0106 -> 0107)
Aug 17 23:13:15 hazemzz-Lenovo-Z51-70 kernel: [    3.352796] ACPI: Video Device [GFX0] (multi-head: yes  rom: no  post: no)
